<html>
<body>
<pre>
<h1>µVision Build Log</h1>
<h2>Tool Versions:</h2>
IDE-Version: ¦ÌVision V5.40.0.0
Copyright (C) 2024 ARM Ltd and ARM Germany GmbH. All rights reserved.
License Information: 548 423437, 3, LIC=CZLZX-H246T-630MB-2ICPC-IAFN5-QTDTE
 
Tool Versions:
Toolchain:       MDK-ARM Plus  Version: 5.40.0.3
Toolchain Path:  D:\MDK5.40\ARM\ARMCC\Bin
C Compiler:      Armcc.exe V5.06 update 6 (build 750)
Assembler:       Armasm.exe V5.06 update 6 (build 750)
Linker/Locator:  ArmLink.exe V5.06 update 6 (build 750)
Library Manager: ArmAr.exe V5.06 update 6 (build 750)
Hex Converter:   FromElf.exe V5.06 update 6 (build 750)
CPU DLL:         SARMCM3.DLL V5.40.0.3
Dialog DLL:      DCM.DLL V1.17.5.0
Target DLL:      CMSIS_AGDI.dll V1.33.18.0
Dialog DLL:      TCM.DLL V1.56.4.0
 
<h2>Project:</h2>
E:\BaiduNetdiskDownload\tea\SOEM_MASTER\MDK-ARM\SOEM_MASTER.uvprojx
Project File Date:  06/22/2025

<h2>Output:</h2>
*** Using Compiler 'V5.06 update 6 (build 750)', folder: 'D:\MDK5.40\ARM\ARMCC\Bin'
Rebuild target 'SOEM_MASTER'
assembling startup_stm32f407xx.s...
compiling gpio.c...
compiling main.c...
compiling stm32f4xx_hal_rcc.c...
compiling stm32f4xx_hal_rcc_ex.c...
compiling stm32f4xx_hal_msp.c...
compiling usart.c...
compiling stm32f4xx_it.c...
compiling stm32f4xx_hal_flash.c...
compiling stm32f4xx_hal_flash_ex.c...
compiling stm32f4xx_hal_tim_ex.c...
compiling stm32f4xx_hal_uart.c...
compiling stm32f4xx_hal_flash_ramfunc.c...
compiling stm32f4xx_hal_tim.c...
compiling stm32f4xx_hal_gpio.c...
compiling stm32f4xx_hal_dma_ex.c...
compiling stm32f4xx_hal_dma.c...
compiling stm32f4xx_hal_pwr_ex.c...
compiling stm32f4xx_hal_pwr.c...
compiling stm32f4xx_hal_cortex.c...
compiling stm32f4xx_hal.c...
compiling stm32f4xx_hal_exti.c...
compiling stm32f4xx_hal_cec.c...
compiling stm32f4xx_hal_adc_ex.c...
compiling stm32f4xx_hal_can.c...
compiling stm32f4xx_hal_adc.c...
compiling stm32f4xx_hal_crc.c...
compiling stm32f4xx_hal_dac_ex.c...
compiling stm32f4xx_hal_dma2d.c...
compiling stm32f4xx_hal_dac.c...
compiling stm32f4xx_hal_i2c_ex.c...
compiling stm32f4xx_hal_eth.c...
compiling stm32f4xx_hal_i2s.c...
compiling stm32f4xx_hal_i2s_ex.c...
compiling stm32f4xx_hal_iwdg.c...
compiling stm32f4xx_hal_rtc.c...
compiling stm32f4xx_hal_irda.c...
compiling stm32f4xx_hal_rtc_ex.c...
compiling stm32f4xx_hal_i2c.c...
compiling stm32f4xx_hal_sdram.c...
compiling stm32f4xx_hal_wwdg.c...
compiling stm32f4xx_hal_rng.c...
compiling stm32f4xx_hal_spi.c...
compiling stm32f4xx_hal_usart.c...
compiling bsp_GeneralTIM.c...
compiling key.c...
compiling system_stm32f4xx.c...
compiling soem.c...
compiling ethernetif.c...
..\Drivers\BSP\ETH\ethernetif.c(182): warning:  #550-D: variable "status"  was set but never used
  	uint8_t status=0;
..\Drivers\BSP\ETH\ethernetif.c: 1 warning, 0 errors
compiling lan8720.c...
compiling osal.c...
compiling oshw.c...
compiling nicdrv.c...
compiling ethercatbase.c...
..\Drivers\BSP\Ethercat\soem\ethercatbase.c(83): warning:  #188-D: enumerated type mixed with another type
     ecx_writedatagramdata(&frameP[ETH_HEADERSIZE + EC_HEADERSIZE], com, length, data);
..\Drivers\BSP\Ethercat\soem\ethercatbase.c(136): warning:  #188-D: enumerated type mixed with another type
     ecx_writedatagramdata(&frameP[prevlength + EC_HEADERSIZE - EC_ELENGTHSIZE], com, length, data);
..\Drivers\BSP\Ethercat\soem\ethercatbase.c: 2 warnings, 0 errors
compiling ethercatdc.c...
compiling ethercatcoe.c...
compiling ethercatprint.c...
compiling ethercatfoe.c...
compiling ethercatsoe.c...
compiling ethercatconfig.c...
compiling ethercatmain.c...
linking...
Program Size: Code=46760 RO-data=2340 RW-data=164 ZI-data=112640  
FromELF: creating hex file...
"SOEM_MASTER\SOEM_MASTER.axf" - 0 Error(s), 3 Warning(s).

<h2>Software Packages used:</h2>

Package Vendor: ARM
                https://www.keil.com/pack/ARM.CMSIS.6.1.0.pack
                ARM::CMSIS@6.1.0
                CMSIS (Common Microcontroller Software Interface Standard)
   * Component: CORE Version: 6.1.0

Package Vendor: Keil
                https://www.keil.com/pack/Keil.STM32F4xx_DFP.3.0.0.pack
                Keil::STM32F4xx_DFP@3.0.0
                STMicroelectronics STM32F4 Series Device Support

<h2>Collection of Component include folders:</h2>
  ./RTE/_SOEM_MASTER
  D:/MDK5.40/Arm/Packs/ARM/CMSIS/6.1.0/CMSIS/Core/Include

<h2>Collection of Component Files used:</h2>

   * Component: ARM::CMSIS:CORE@6.1.0
      Include file:  CMSIS/Core/Include/tz_context.h
Build Time Elapsed:  00:00:03
</pre>
</body>
</html>
