Component: ARM Compiler 5.06 update 6 (build 750) Tool: armlink [4d35ed]

==============================================================================

Section Cross References

    startup_stm32f407xx.o(RESET) refers to startup_stm32f407xx.o(STACK) for __initial_sp
    startup_stm32f407xx.o(RESET) refers to startup_stm32f407xx.o(.text) for Reset_Handler
    startup_stm32f407xx.o(RESET) refers to stm32f4xx_it.o(i.NMI_Handler) for NMI_Handler
    startup_stm32f407xx.o(RESET) refers to stm32f4xx_it.o(i.HardFault_Handler) for HardFault_Handler
    startup_stm32f407xx.o(RESET) refers to stm32f4xx_it.o(i.MemManage_Handler) for MemManage_Handler
    startup_stm32f407xx.o(RESET) refers to stm32f4xx_it.o(i.BusFault_Handler) for BusFault_Handler
    startup_stm32f407xx.o(RESET) refers to stm32f4xx_it.o(i.UsageFault_Handler) for UsageFault_Handler
    startup_stm32f407xx.o(RESET) refers to stm32f4xx_it.o(i.SVC_Handler) for SVC_Handler
    startup_stm32f407xx.o(RESET) refers to stm32f4xx_it.o(i.DebugMon_Handler) for DebugMon_Handler
    startup_stm32f407xx.o(RESET) refers to stm32f4xx_it.o(i.PendSV_Handler) for PendSV_Handler
    startup_stm32f407xx.o(RESET) refers to stm32f4xx_it.o(i.SysTick_Handler) for SysTick_Handler
    startup_stm32f407xx.o(RESET) refers to stm32f4xx_it.o(i.EXTI9_5_IRQHandler) for EXTI9_5_IRQHandler
    startup_stm32f407xx.o(RESET) refers to stm32f4xx_it.o(i.TIM4_IRQHandler) for TIM4_IRQHandler
    startup_stm32f407xx.o(RESET) refers to stm32f4xx_it.o(i.USART2_IRQHandler) for USART2_IRQHandler
    startup_stm32f407xx.o(RESET) refers to stm32f4xx_it.o(i.EXTI15_10_IRQHandler) for EXTI15_10_IRQHandler
    startup_stm32f407xx.o(.text) refers to system_stm32f4xx.o(i.SystemInit) for SystemInit
    startup_stm32f407xx.o(.text) refers to entry.o(.ARM.Collect$$$$00000000) for __main
    main.o(i.HAL_SYSTICK_Callback) refers to main.o(.data) for Time1msFlag
    main.o(i.HAL_TIM_PeriodElapsedCallback) refers to soem.o(i.ecat_loop) for ecat_loop
    main.o(i.HAL_TIM_PeriodElapsedCallback) refers to bsp_generaltim.o(.bss) for htim4
    main.o(i.SystemClock_Config) refers to memseta.o(.text) for __aeabi_memclr4
    main.o(i.SystemClock_Config) refers to stm32f4xx_hal_rcc.o(i.HAL_RCC_OscConfig) for HAL_RCC_OscConfig
    main.o(i.SystemClock_Config) refers to main.o(i.Error_Handler) for Error_Handler
    main.o(i.SystemClock_Config) refers to stm32f4xx_hal_rcc.o(i.HAL_RCC_ClockConfig) for HAL_RCC_ClockConfig
    main.o(i.SystemClock_Config) refers to stm32f4xx_hal_rcc.o(i.HAL_RCC_EnableCSS) for HAL_RCC_EnableCSS
    main.o(i.SystemClock_Config) refers to stm32f4xx_hal_rcc.o(i.HAL_RCC_GetHCLKFreq) for HAL_RCC_GetHCLKFreq
    main.o(i.SystemClock_Config) refers to stm32f4xx_hal_cortex.o(i.HAL_SYSTICK_Config) for HAL_SYSTICK_Config
    main.o(i.SystemClock_Config) refers to stm32f4xx_hal_cortex.o(i.HAL_SYSTICK_CLKSourceConfig) for HAL_SYSTICK_CLKSourceConfig
    main.o(i.SystemClock_Config) refers to stm32f4xx_hal_cortex.o(i.HAL_NVIC_SetPriority) for HAL_NVIC_SetPriority
    main.o(i.main) refers to stm32f4xx_hal.o(i.HAL_Init) for HAL_Init
    main.o(i.main) refers to main.o(i.SystemClock_Config) for SystemClock_Config
    main.o(i.main) refers to gpio.o(i.MX_GPIO_Init) for MX_GPIO_Init
    main.o(i.main) refers to usart.o(i.MX_USART2_UART_Init) for MX_USART2_UART_Init
    main.o(i.main) refers to ethernetif.o(i.MX_ETH_Init) for MX_ETH_Init
    main.o(i.main) refers to bsp_generaltim.o(i.MX_TIM4_Init) for MX_TIM4_Init
    main.o(i.main) refers to bsp_generaltim.o(i.MX_TIM3_Init) for MX_TIM3_Init
    main.o(i.main) refers to bsp_generaltim.o(i.MX_TIM2_Init) for MX_TIM2_Init
    main.o(i.main) refers to ethernetif.o(i.PHY_Init) for PHY_Init
    main.o(i.main) refers to printfa.o(i.__0printf) for __2printf
    main.o(i.main) refers to stm32f4xx_hal.o(i.HAL_Delay) for HAL_Delay
    main.o(i.main) refers to soem.o(i.ecat_init) for ecat_init
    main.o(i.main) refers to stm32f4xx_hal_tim.o(i.HAL_TIM_Base_Start_IT) for HAL_TIM_Base_Start_IT
    main.o(i.main) refers to key.o(i.key_fifoinit) for key_fifoinit
    main.o(i.main) refers to stm32f4xx_hal_gpio.o(i.HAL_GPIO_WritePin) for HAL_GPIO_WritePin
    main.o(i.main) refers to soem.o(i.ctrl_state) for ctrl_state
    main.o(i.main) refers to key.o(i.bsp_GetKey) for bsp_GetKey
    main.o(i.main) refers to main.o(i.printState) for printState
    main.o(i.main) refers to bsp_generaltim.o(.bss) for htim4
    main.o(i.main) refers to key.o(.bss) for s_tKey
    main.o(i.main) refers to soem.o(.data) for outputs1
    main.o(i.main) refers to main.o(.data) for Time1msFlag
    main.o(i.printState) refers to printfa.o(i.__0printf) for __2printf
    main.o(i.printState) refers to main.o(.data) for Time200msFlag
    main.o(i.printState) refers to soem.o(.data) for inputs1
    gpio.o(i.MX_GPIO_Init) refers to memseta.o(.text) for __aeabi_memclr4
    gpio.o(i.MX_GPIO_Init) refers to stm32f4xx_hal_gpio.o(i.HAL_GPIO_WritePin) for HAL_GPIO_WritePin
[...]
    i.ecx_lookup_prev_sii                    0x0800829c   Section        0  ethercatconfig.o(i.ecx_lookup_prev_sii)
    ecx_lookup_prev_sii                      0x0800829d   Thumb Code   764  ethercatconfig.o(i.ecx_lookup_prev_sii)
    i.ecx_main_send_processdata              0x080085b8   Section        0  ethercatmain.o(i.ecx_main_send_processdata)
    ecx_main_send_processdata                0x080085b9   Thumb Code  1266  ethercatmain.o(i.ecx_main_send_processdata)
    i.ecx_map_coe_soe                        0x08008aac   Section        0  ethercatconfig.o(i.ecx_map_coe_soe)
    ecx_map_coe_soe                          0x08008aad   Thumb Code   384  ethercatconfig.o(i.ecx_map_coe_soe)
    i.ecx_map_sii                            0x08008c90   Section        0  ethercatconfig.o(i.ecx_map_sii)
    ecx_map_sii                              0x08008c91   Thumb Code   444  ethercatconfig.o(i.ecx_map_sii)
    i.ecx_map_sm                             0x08008ea8   Section        0  ethercatconfig.o(i.ecx_map_sm)
    ecx_map_sm                               0x08008ea9   Thumb Code   670  ethercatconfig.o(i.ecx_map_sm)
    i.ecx_mbxemergencyerror                  0x080091ec   Section        0  ethercatmain.o(i.ecx_mbxemergencyerror)
    ecx_mbxemergencyerror                    0x080091ed   Thumb Code    98  ethercatmain.o(i.ecx_mbxemergencyerror)
    i.ecx_mbxempty                           0x0800924e   Section        0  ethercatmain.o(i.ecx_mbxempty)
    i.ecx_mbxerror                           0x080092e0   Section        0  ethercatmain.o(i.ecx_mbxerror)
    ecx_mbxerror                             0x080092e1   Thumb Code    68  ethercatmain.o(i.ecx_mbxerror)
    i.ecx_mbxreceive                         0x08009324   Section        0  ethercatmain.o(i.ecx_mbxreceive)
    i.ecx_mbxsend                            0x08009548   Section        0  ethercatmain.o(i.ecx_mbxsend)
    i.ecx_outframe                           0x080095c8   Section        0  nicdrv.o(i.ecx_outframe)
    i.ecx_outframe_red                       0x08009608   Section        0  nicdrv.o(i.ecx_outframe_red)
    i.ecx_packeterror                        0x08009674   Section        0  ethercatmain.o(i.ecx_packeterror)
    i.ecx_parentport                         0x080096c6   Section        0  ethercatdc.o(i.ecx_parentport)
    ecx_parentport                           0x080096c7   Thumb Code   100  ethercatdc.o(i.ecx_parentport)
    i.ecx_porttime                           0x0800972a   Section        0  ethercatdc.o(i.ecx_porttime)
    ecx_porttime                             0x0800972b   Thumb Code   108  ethercatdc.o(i.ecx_porttime)
    i.ecx_prevport                           0x08009796   Section        0  ethercatdc.o(i.ecx_prevport)
    ecx_prevport                             0x08009797   Thumb Code   166  ethercatdc.o(i.ecx_prevport)
    i.ecx_pullindex                          0x0800983c   Section        0  ethercatmain.o(i.ecx_pullindex)
    ecx_pullindex                            0x0800983d   Thumb Code    34  ethercatmain.o(i.ecx_pullindex)
    i.ecx_pusherror                          0x0800985e   Section        0  ethercatmain.o(i.ecx_pusherror)
    i.ecx_pushindex                          0x080098e4   Section        0  ethercatmain.o(i.ecx_pushindex)
    ecx_pushindex                            0x080098e5   Thumb Code    56  ethercatmain.o(i.ecx_pushindex)
    i.ecx_readIDNmap                         0x0800991c   Section        0  ethercatsoe.o(i.ecx_readIDNmap)
    i.ecx_readPDOassign                      0x08009a94   Section        0  ethercatcoe.o(i.ecx_readPDOassign)
    i.ecx_readPDOassignCA                    0x08009ba0   Section        0  ethercatcoe.o(i.ecx_readPDOassignCA)
    i.ecx_readPDOmap                         0x08009ca4   Section        0  ethercatcoe.o(i.ecx_readPDOmap)
    i.ecx_readPDOmapCA                       0x08009e50   Section        0  ethercatcoe.o(i.ecx_readPDOmapCA)
    i.ecx_readeeprom1                        0x08009fd8   Section        0  ethercatmain.o(i.ecx_readeeprom1)
    i.ecx_readeeprom2                        0x0800a07c   Section        0  ethercatmain.o(i.ecx_readeeprom2)
    i.ecx_readeepromFP                       0x0800a0e2   Section        0  ethercatmain.o(i.ecx_readeepromFP)
    i.ecx_receive_processdata_group          0x0800a226   Section        0  ethercatmain.o(i.ecx_receive_processdata_group)
    i.ecx_recvpkt                            0x0800a3d6   Section        0  nicdrv.o(i.ecx_recvpkt)
    ecx_recvpkt                              0x0800a3d7   Thumb Code    54  nicdrv.o(i.ecx_recvpkt)
    i.ecx_send_processdata_group             0x0800a40c   Section        0  ethercatmain.o(i.ecx_send_processdata_group)
    i.ecx_set_slaves_to_default              0x0800a41e   Section        0  ethercatconfig.o(i.ecx_set_slaves_to_default)
    ecx_set_slaves_to_default                0x0800a41f   Thumb Code   364  ethercatconfig.o(i.ecx_set_slaves_to_default)
    i.ecx_setbufstat                         0x0800a58a   Section        0  nicdrv.o(i.ecx_setbufstat)
    i.ecx_setupdatagram                      0x0800a5aa   Section        0  ethercatbase.o(i.ecx_setupdatagram)
    i.ecx_setupnic                           0x0800a608   Section        0  nicdrv.o(i.ecx_setupnic)
    i.ecx_siiFMMU                            0x0800a73e   Section        0  ethercatmain.o(i.ecx_siiFMMU)
    i.ecx_siiPDO                             0x0800a802   Section        0  ethercatmain.o(i.ecx_siiPDO)
    i.ecx_siiSM                              0x0800a9e8   Section        0  ethercatmain.o(i.ecx_siiSM)
    i.ecx_siiSMnext                          0x0800aaee   Section        0  ethercatmain.o(i.ecx_siiSMnext)
    i.ecx_siifind                            0x0800abc4   Section        0  ethercatmain.o(i.ecx_siifind)
    i.ecx_siigetbyte                         0x0800ac80   Section        0  ethercatmain.o(i.ecx_siigetbyte)
    i.ecx_siistring                          0x0800ad88   Section        0  ethercatmain.o(i.ecx_siistring)
    i.ecx_srconfirm                          0x0800ae5c   Section        0  nicdrv.o(i.ecx_srconfirm)
    i.ecx_statecheck                         0x0800aec4   Section        0  ethercatmain.o(i.ecx_statecheck)
    i.ecx_waitinframe                        0x0800af9a   Section        0  nicdrv.o(i.ecx_waitinframe)
    i.ecx_waitinframe_red                    0x0800afd0   Section        0  nicdrv.o(i.ecx_waitinframe_red)
    ecx_waitinframe_red                      0x0800afd1   Thumb Code   426  nicdrv.o(i.ecx_waitinframe_red)
    i.ecx_writedatagramdata                  0x0800b184   Section        0  ethercatbase.o(i.ecx_writedatagramdata)
    ecx_writedatagramdata                    0x0800b185   Thumb Code    76  ethercatbase.o(i.ecx_writedatagramdata)
    i.ecx_writestate                         0x0800b1d0   Section        0  ethercatmain.o(i.ecx_writestate)
    i.fputc                                  0x0800b23c   Section        0  usart.o(i.fputc)
    i.key_fifoinit                           0x0800b258   Section        0  key.o(i.key_fifoinit)
    i.low_level_output                       0x0800b260   Section        0  ethernetif.o(i.low_level_output)
    i.main                                   0x0800b2cc   Section        0  main.o(i.main)
    i.osal_current_time                      0x0800b490   Section        0  osal.o(i.osal_current_time)
    i.osal_timer_is_expired                  0x0800b4c2   Section        0  osal.o(i.osal_timer_is_expired)
    i.osal_timer_start                       0x0800b51c   Section        0  osal.o(i.osal_timer_start)
    i.osal_usleep                            0x0800b588   Section        0  osal.o(i.osal_usleep)
    i.oshw_htons                             0x0800b5a4   Section        0  oshw.o(i.oshw_htons)
    i.oshw_ntohs                             0x0800b5b0   Section        0  oshw.o(i.oshw_ntohs)
    i.printState                             0x0800b5bc   Section        0  main.o(i.printState)
    i.write16                                0x0800b630   Section        0  soem.o(i.write16)
    i.write32                                0x0800b6dc   Section        0  soem.o(i.write32)
    i.write8                                 0x0800b784   Section        0  soem.o(i.write8)
    .constdata                               0x0800b830   Section       24  system_stm32f4xx.o(.constdata)
    .constdata                               0x0800b848   Section       12  nicdrv.o(.constdata)
    .constdata                               0x0800b854   Section     1728  ethercatconfig.o(.constdata)
    .conststring                             0x0800bf14   Section      135  ethercatconfig.o(.conststring)
    .data                                    0x20000000   Section       12  main.o(.data)
    .data                                    0x2000000c   Section        9  stm32f4xx_hal.o(.data)
    .data                                    0x20000018   Section        4  system_stm32f4xx.o(.data)
    .data                                    0x2000001c   Section       16  soem.o(.data)
    .data                                    0x2000002c   Section        8  ethernetif.o(.data)
    .data                                    0x20000034   Section        4  lan8720.o(.data)
    .data                                    0x20000038   Section      104  ethercatmain.o(.data)
    ec_FMMU                                  0x2000003c   Data           8  ethercatmain.o(.data)
    .data                                    0x200000a0   Section        4  stdout.o(.data)
    .bss                                     0x200000a4   Section       68  usart.o(.bss)
    .bss                                     0x200000e8   Section      216  bsp_generaltim.o(.bss)
    .bss                                     0x200001c0   Section       12  key.o(.bss)
    .bss                                     0x200001cc   Section     4096  soem.o(.bss)
    .bss                                     0x200011cc   Section    12520  ethernetif.o(.bss)
    .bss                                     0x200042b4   Section       16  ethercatconfig.o(.bss)
    .bss                                     0x200042c4   Section    87520  ethercatmain.o(.bss)
    ec_esibuf                                0x200049f4   Data        4096  ethercatmain.o(.bss)
    ec_esimap                                0x200059f4   Data         512  ethercatmain.o(.bss)
    ec_elist                                 0x20005bf4   Data        1564  ethercatmain.o(.bss)
    ec_idxstack                              0x20006210   Data         116  ethercatmain.o(.bss)
    ec_SMcommtype                            0x20006284   Data          10  ethercatmain.o(.bss)
    ec_PDOassign                             0x2000628e   Data         514  ethercatmain.o(.bss)
    ec_PDOdesc                               0x20006490   Data        1026  ethercatmain.o(.bss)
    ec_SM                                    0x20006892   Data          12  ethercatmain.o(.bss)
    STACK                                    0x2001c000   Section     8192  startup_stm32f407xx.o(STACK)

    Global Symbols

    Symbol Name                              Value     Ov Type        Size  Object(Section)

    BuildAttributes$$THM_ISAv4$E$P$D$K$B$S$7EM$VFPi3$EXTD16$VFPS$VFMA$PE$A:L22UL41UL21$X:L11$S22US41US21$IEEE1$IW$USESV6$~STKCKD$USESV7$~SHL$OSPACE$ROPI$EBA8$MICROLIB$REQ8$PRES8$EABIv2 0x00000000   Number         0  anon$$obj.o ABSOLUTE
    __ARM_use_no_argv                        0x00000000   Number         0  main.o ABSOLUTE
    _printf_a                                0x00000000   Number         0  stubs.o ABSOLUTE
    _printf_c                                0x00000000   Number         0  stubs.o ABSOLUTE
    _printf_charcount                        0x00000000   Number         0  stubs.o ABSOLUTE
    _printf_d                                0x00000000   Number         0  stubs.o ABSOLUTE
    _printf_e                                0x00000000   Number         0  stubs.o ABSOLUTE
    _printf_f                                0x00000000   Number         0  stubs.o ABSOLUTE
    _printf_flags                            0x00000000   Number         0  stubs.o ABSOLUTE
    _printf_fp_dec                           0x00000000   Number         0  stubs.o ABSOLUTE
    _printf_fp_hex                           0x00000000   Number         0  stubs.o ABSOLUTE
    _printf_g                                0x00000000   Number         0  stubs.o ABSOLUTE
    _printf_i                                0x00000000   Number         0  stubs.o ABSOLUTE
    _printf_int_dec                          0x00000000   Number         0  stubs.o ABSOLUTE
    _printf_l                                0x00000000   Number         0  stubs.o ABSOLUTE
    _printf_lc                               0x00000000   Number         0  stubs.o ABSOLUTE
    _printf_ll                               0x00000000   Number         0  stubs.o ABSOLUTE
    _printf_lld                              0x00000000   Number         0  stubs.o ABSOLUTE
    _printf_lli                              0x00000000   Number         0  stubs.o ABSOLUTE
    _printf_llo                              0x00000000   Number         0  stubs.o ABSOLUTE
    _printf_llu                              0x00000000   Number         0  stubs.o ABSOLUTE
    _printf_llx                              0x00000000   Number         0  stubs.o ABSOLUTE
    _printf_longlong_dec                     0x00000000   Number         0  stubs.o ABSOLUTE
    _printf_longlong_hex                     0x00000000   Number         0  stubs.o ABSOLUTE
    _printf_longlong_oct                     0x00000000   Number         0  stubs.o ABSOLUTE
    _printf_ls                               0x00000000   Number         0  stubs.o ABSOLUTE
    _printf_mbtowc                           0x00000000   Number         0  stubs.o ABSOLUTE
    _printf_n                                0x00000000   Number         0  stubs.o ABSOLUTE
    _printf_o                                0x00000000   Number         0  stubs.o ABSOLUTE
    _printf_p                                0x00000000   Number         0  stubs.o ABSOLUTE
    _printf_percent                          0x00000000   Number         0  stubs.o ABSOLUTE
    _printf_pre_padding                      0x00000000   Number         0  stubs.o ABSOLUTE
    _printf_return_value                     0x00000000   Number         0  stubs.o ABSOLUTE
    _printf_s                                0x00000000   Number         0  stubs.o ABSOLUTE
    _printf_sizespec                         0x00000000   Number         0  stubs.o ABSOLUTE
    _printf_str                              0x00000000   Number         0  stubs.o ABSOLUTE
    _printf_truncate_signed                  0x00000000   Number         0  stubs.o ABSOLUTE
    _printf_truncate_unsigned                0x00000000   Number         0  stubs.o ABSOLUTE
    _printf_u                                0x00000000   Number         0  stubs.o ABSOLUTE
    _printf_wc                               0x00000000   Number         0  stubs.o ABSOLUTE
    _printf_wctomb                           0x00000000   Number         0  stubs.o ABSOLUTE
    _printf_widthprec                        0x00000000   Number         0  stubs.o ABSOLUTE
    _printf_x                                0x00000000   Number         0  stubs.o ABSOLUTE
    __cpp_initialize__aeabi_                  - Undefined Weak Reference
    __cxa_finalize                            - Undefined Weak Reference
    __decompress                              - Undefined Weak Reference
    _clock_init                               - Undefined Weak Reference
    _microlib_exit                            - Undefined Weak Reference
    __Vectors_Size                           0x00000188   Number         0  startup_stm32f407xx.o ABSOLUTE
    __Vectors                                0x08000000   Data           4  startup_stm32f407xx.o(RESET)
    __Vectors_End                            0x08000188   Data           0  startup_stm32f407xx.o(RESET)
    __main                                   0x08000189   Thumb Code     0  entry.o(.ARM.Collect$$$$00000000)
    _main_stk                                0x08000189   Thumb Code     0  entry2.o(.ARM.Collect$$$$00000001)
    _main_scatterload                        0x0800018d   Thumb Code     0  entry5.o(.ARM.Collect$$$$00000004)
    __main_after_scatterload                 0x08000191   Thumb Code     0  entry5.o(.ARM.Collect$$$$00000004)
    _main_clock                              0x08000191   Thumb Code     0  entry7b.o(.ARM.Collect$$$$00000008)
    _main_cpp_init                           0x08000191   Thumb Code     0  entry8b.o(.ARM.Collect$$$$0000000A)
    _main_init                               0x08000191   Thumb Code     0  entry9a.o(.ARM.Collect$$$$0000000B)
    __rt_final_cpp                           0x08000199   Thumb Code     0  entry10a.o(.ARM.Collect$$$$0000000D)
    __rt_final_exit                          0x08000199   Thumb Code     0  entry11a.o(.ARM.Collect$$$$0000000F)
    Reset_Handler                            0x0800019d   Thumb Code     8  startup_stm32f407xx.o(.text)
    ADC_IRQHandler                           0x080001b7   Thumb Code     0  startup_stm32f407xx.o(.text)
    CAN1_RX0_IRQHandler                      0x080001b7   Thumb Code     0  startup_stm32f407xx.o(.text)
    CAN1_RX1_IRQHandler                      0x080001b7   Thumb Code     0  startup_stm32f407xx.o(.text)
    CAN1_SCE_IRQHandler                      0x080001b7   Thumb Code     0  startup_stm32f407xx.o(.text)
    CAN1_TX_IRQHandler                       0x080001b7   Thumb Code     0  startup_stm32f407xx.o(.text)
    CAN2_RX0_IRQHandler                      0x080001b7   Thumb Code     0  startup_stm32f407xx.o(.text)
    CAN2_RX1_IRQHandler                      0x080001b7   Thumb Code     0  startup_stm32f407xx.o(.text)
    CAN2_SCE_IRQHandler                      0x080001b7   Thumb Code     0  startup_stm32f407xx.o(.text)
    CAN2_TX_IRQHandler                       0x080001b7   Thumb Code     0  startup_stm32f407xx.o(.text)
    DCMI_IRQHandler                          0x080001b7   Thumb Code     0  startup_stm32f407xx.o(.text)
    DMA1_Stream0_IRQHandler                  0x080001b7   Thumb Code     0  startup_stm32f407xx.o(.text)
    DMA1_Stream1_IRQHandler                  0x080001b7   Thumb Code     0  startup_stm32f407xx.o(.text)
    DMA1_Stream2_IRQHandler                  0x080001b7   Thumb Code     0  startup_stm32f407xx.o(.text)
    DMA1_Stream3_IRQHandler                  0x080001b7   Thumb Code     0  startup_stm32f407xx.o(.text)
    DMA1_Stream4_IRQHandler                  0x080001b7   Thumb Code     0  startup_stm32f407xx.o(.text)
    DMA1_Stream5_IRQHandler                  0x080001b7   Thumb Code     0  startup_stm32f407xx.o(.text)
    DMA1_Stream6_IRQHandler                  0x080001b7   Thumb Code     0  startup_stm32f407xx.o(.text)
    DMA1_Stream7_IRQHandler                  0x080001b7   Thumb Code     0  startup_stm32f407xx.o(.text)
    DMA2_Stream0_IRQHandler                  0x080001b7   Thumb Code     0  startup_stm32f407xx.o(.text)
    DMA2_Stream1_IRQHandler                  0x080001b7   Thumb Code     0  startup_stm32f407xx.o(.text)
    DMA2_Stream2_IRQHandler                  0x080001b7   Thumb Code     0  startup_stm32f407xx.o(.text)
    DMA2_Stream3_IRQHandler                  0x080001b7   Thumb Code     0  startup_stm32f407xx.o(.text)
    DMA2_Stream4_IRQHandler                  0x080001b7   Thumb Code     0  startup_stm32f407xx.o(.text)
    DMA2_Stream5_IRQHandler                  0x080001b7   Thumb Code     0  startup_stm32f407xx.o(.text)
    DMA2_Stream6_IRQHandler                  0x080001b7   Thumb Code     0  startup_stm32f407xx.o(.text)
    DMA2_Stream7_IRQHandler                  0x080001b7   Thumb Code     0  startup_stm32f407xx.o(.text)
    ETH_IRQHandler                           0x080001b7   Thumb Code     0  startup_stm32f407xx.o(.text)
    ETH_WKUP_IRQHandler                      0x080001b7   Thumb Code     0  startup_stm32f407xx.o(.text)
    EXTI0_IRQHandler                         0x080001b7   Thumb Code     0  startup_stm32f407xx.o(.text)
    EXTI1_IRQHandler                         0x080001b7   Thumb Code     0  startup_stm32f407xx.o(.text)
    EXTI2_IRQHandler                         0x080001b7   Thumb Code     0  startup_stm32f407xx.o(.text)
    EXTI3_IRQHandler                         0x080001b7   Thumb Code     0  startup_stm32f407xx.o(.text)
    EXTI4_IRQHandler                         0x080001b7   Thumb Code     0  startup_stm32f407xx.o(.text)
    FLASH_IRQHandler                         0x080001b7   Thumb Code     0  startup_stm32f407xx.o(.text)
    FMC_IRQHandler                           0x080001b7   Thumb Code     0  startup_stm32f407xx.o(.text)
    FPU_IRQHandler                           0x080001b7   Thumb Code     0  startup_stm32f407xx.o(.text)
    HASH_RNG_IRQHandler                      0x080001b7   Thumb Code     0  startup_stm32f407xx.o(.text)
    I2C1_ER_IRQHandler                       0x080001b7   Thumb Code     0  startup_stm32f407xx.o(.text)
    I2C1_EV_IRQHandler                       0x080001b7   Thumb Code     0  startup_stm32f407xx.o(.text)
    I2C2_ER_IRQHandler                       0x080001b7   Thumb Code     0  startup_stm32f407xx.o(.text)
    I2C2_EV_IRQHandler                       0x080001b7   Thumb Code     0  startup_stm32f407xx.o(.text)
    I2C3_ER_IRQHandler                       0x080001b7   Thumb Code     0  startup_stm32f407xx.o(.text)
    I2C3_EV_IRQHandler                       0x080001b7   Thumb Code     0  startup_stm32f407xx.o(.text)
    OTG_FS_IRQHandler                        0x080001b7   Thumb Code     0  startup_stm32f407xx.o(.text)
    OTG_FS_WKUP_IRQHandler                   0x080001b7   Thumb Code     0  startup_stm32f407xx.o(.text)
    OTG_HS_EP1_IN_IRQHandler                 0x080001b7   Thumb Code     0  startup_stm32f407xx.o(.text)
    OTG_HS_EP1_OUT_IRQHandler                0x080001b7   Thumb Code     0  startup_stm32f407xx.o(.text)
    OTG_HS_IRQHandler                        0x080001b7   Thumb Code     0  startup_stm32f407xx.o(.text)
    OTG_HS_WKUP_IRQHandler                   0x080001b7   Thumb Code     0  startup_stm32f407xx.o(.text)
    PVD_IRQHandler                           0x080001b7   Thumb Code     0  startup_stm32f407xx.o(.text)
    RCC_IRQHandler                           0x080001b7   Thumb Code     0  startup_stm32f407xx.o(.text)
    RTC_Alarm_IRQHandler                     0x080001b7   Thumb Code     0  startup_stm32f407xx.o(.text)
    RTC_WKUP_IRQHandler                      0x080001b7   Thumb Code     0  startup_stm32f407xx.o(.text)
    SDIO_IRQHandler                          0x080001b7   Thumb Code     0  startup_stm32f407xx.o(.text)
    SPI1_IRQHandler                          0x080001b7   Thumb Code     0  startup_stm32f407xx.o(.text)
    SPI2_IRQHandler                          0x080001b7   Thumb Code     0  startup_stm32f407xx.o(.text)
    SPI3_IRQHandler                          0x080001b7   Thumb Code     0  startup_stm32f407xx.o(.text)
    TAMP_STAMP_IRQHandler                    0x080001b7   Thumb Code     0  startup_stm32f407xx.o(.text)
    TIM1_BRK_TIM9_IRQHandler                 0x080001b7   Thumb Code     0  startup_stm32f407xx.o(.text)
    TIM1_CC_IRQHandler                       0x080001b7   Thumb Code     0  startup_stm32f407xx.o(.text)
    TIM1_TRG_COM_TIM11_IRQHandler            0x080001b7   Thumb Code     0  startup_stm32f407xx.o(.text)
    TIM1_UP_TIM10_IRQHandler                 0x080001b7   Thumb Code     0  startup_stm32f407xx.o(.text)
    TIM2_IRQHandler                          0x080001b7   Thumb Code     0  startup_stm32f407xx.o(.text)
    TIM3_IRQHandler                          0x080001b7   Thumb Code     0  startup_stm32f407xx.o(.text)
    TIM5_IRQHandler                          0x080001b7   Thumb Code     0  startup_stm32f407xx.o(.text)
    TIM6_DAC_IRQHandler                      0x080001b7   Thumb Code     0  startup_stm32f407xx.o(.text)
    TIM7_IRQHandler                          0x080001b7   Thumb Code     0  startup_stm32f407xx.o(.text)
    TIM8_BRK_TIM12_IRQHandler                0x080001b7   Thumb Code     0  startup_stm32f407xx.o(.text)
    TIM8_CC_IRQHandler                       0x080001b7   Thumb Code     0  startup_stm32f407xx.o(.text)
    TIM8_TRG_COM_TIM14_IRQHandler            0x080001b7   Thumb Code     0  startup_stm32f407xx.o(.text)
    TIM8_UP_TIM13_IRQHandler                 0x080001b7   Thumb Code     0  startup_stm32f407xx.o(.text)
    UART4_IRQHandler                         0x080001b7   Thumb Code     0  startup_stm32f407xx.o(.text)
    UART5_IRQHandler                         0x080001b7   Thumb Code     0  startup_stm32f407xx.o(.text)
    USART1_IRQHandler                        0x080001b7   Thumb Code     0  startup_stm32f407xx.o(.text)
    USART3_IRQHandler                        0x080001b7   Thumb Code     0  startup_stm32f407xx.o(.text)
    USART6_IRQHandler                        0x080001b7   Thumb Code     0  startup_stm32f407xx.o(.text)
    WWDG_IRQHandler                          0x080001b7   Thumb Code     0  startup_stm32f407xx.o(.text)
    __aeabi_uldivmod                         0x080001c1   Thumb Code    98  uldiv.o(.text)
    __aeabi_ldivmod                          0x08000223   Thumb Code    98  ldiv.o(.text)
    __aeabi_memcpy                           0x08000285   Thumb Code    36  memcpya.o(.text)
    __aeabi_memcpy4                          0x08000285   Thumb Code     0  memcpya.o(.text)
    __aeabi_memcpy8                          0x08000285   Thumb Code     0  memcpya.o(.text)
    __aeabi_memset                           0x080002a9   Thumb Code    14  memseta.o(.text)
    __aeabi_memset4                          0x080002a9   Thumb Code     0  memseta.o(.text)
    __aeabi_memset8                          0x080002a9   Thumb Code     0  memseta.o(.text)
    __aeabi_memclr                           0x080002b7   Thumb Code     4  memseta.o(.text)
    __aeabi_memclr4                          0x080002b7   Thumb Code     0  memseta.o(.text)
    __aeabi_memclr8                          0x080002b7   Thumb Code     0  memseta.o(.text)
    _memset$wrapper                          0x080002bb   Thumb Code    18  memseta.o(.text)
    strcpy                                   0x080002cd   Thumb Code    18  strcpy.o(.text)
    __aeabi_dadd                             0x080002df   Thumb Code   322  dadd.o(.text)
    __aeabi_dsub                             0x08000421   Thumb Code     6  dadd.o(.text)
    __aeabi_drsub                            0x08000427   Thumb Code     6  dadd.o(.text)
    __aeabi_ddiv                             0x0800042d   Thumb Code   222  ddiv.o(.text)
    __aeabi_uidiv                            0x0800050b   Thumb Code     0  uidiv.o(.text)
    __aeabi_uidivmod                         0x0800050b   Thumb Code    44  uidiv.o(.text)
    __aeabi_llsl                             0x08000537   Thumb Code    30  llshl.o(.text)
    _ll_shift_l                              0x08000537   Thumb Code     0  llshl.o(.text)
    __aeabi_llsr                             0x08000555   Thumb Code    32  llushr.o(.text)
    _ll_ushift_r                             0x08000555   Thumb Code     0  llushr.o(.text)
    __aeabi_lasr                             0x08000575   Thumb Code    36  llsshr.o(.text)
    _ll_sshift_r                             0x08000575   Thumb Code     0  llsshr.o(.text)
    __I$use$fp                               0x08000599   Thumb Code     0  iusefp.o(.text)
    _double_round                            0x08000599   Thumb Code    30  depilogue.o(.text)
    _double_epilogue                         0x080005b7   Thumb Code   156  depilogue.o(.text)
    __aeabi_dmul                             0x08000653   Thumb Code   228  dmul.o(.text)
    __aeabi_d2ulz                            0x08000737   Thumb Code    48  dfixul.o(.text)
    __aeabi_cdrcmple                         0x08000769   Thumb Code    48  cdrcmple.o(.text)
    __scatterload                            0x08000799   Thumb Code    28  init.o(.text)
    __scatterload_rt2                        0x08000799   Thumb Code     0  init.o(.text)
    BusFault_Handler                         0x080007bd   Thumb Code     4  stm32f4xx_it.o(i.BusFault_Handler)
    DebugMon_Handler                         0x080007c1   Thumb Code     2  stm32f4xx_it.o(i.DebugMon_Handler)
    ETH_PHY_ReadReg                          0x08000b19   Thumb Code    28  lan8720.o(i.ETH_PHY_ReadReg)
    ETH_PHY_WriteReg                         0x08000b39   Thumb Code    30  lan8720.o(i.ETH_PHY_WriteReg)
    EXTI15_10_IRQHandler                     0x08000b5d   Thumb Code    28  stm32f4xx_it.o(i.EXTI15_10_IRQHandler)
    EXTI9_5_IRQHandler                       0x08000b79   Thumb Code    12  stm32f4xx_it.o(i.EXTI9_5_IRQHandler)
    Error_Handler                            0x08000b85   Thumb Code     6  main.o(i.Error_Handler)
    GetSec                                   0x08000b8d   Thumb Code     6  bsp_generaltim.o(i.GetSec)
    GetUSec                                  0x08000b99   Thumb Code     8  bsp_generaltim.o(i.GetUSec)
    HAL_DMA_Abort                            0x08000ba1   Thumb Code   170  stm32f4xx_hal_dma.o(i.HAL_DMA_Abort)
    HAL_DMA_Abort_IT                         0x08000c4b   Thumb Code    40  stm32f4xx_hal_dma.o(i.HAL_DMA_Abort_IT)
    HAL_Delay                                0x08000c75   Thumb Code    36  stm32f4xx_hal.o(i.HAL_Delay)
    HAL_ETH_ConfigMAC                        0x08000c9d   Thumb Code   314  stm32f4xx_hal_eth.o(i.HAL_ETH_ConfigMAC)
    HAL_ETH_DMARxDescListInit                0x08000ddd   Thumb Code   140  stm32f4xx_hal_eth.o(i.HAL_ETH_DMARxDescListInit)
    HAL_ETH_DMATxDescListInit                0x08000e69   Thumb Code   132  stm32f4xx_hal_eth.o(i.HAL_ETH_DMATxDescListInit)
    HAL_ETH_GetReceivedFrame                 0x08000eed   Thumb Code   178  stm32f4xx_hal_eth.o(i.HAL_ETH_GetReceivedFrame)
    HAL_ETH_Init                             0x08000fa1   Thumb Code   642  stm32f4xx_hal_eth.o(i.HAL_ETH_Init)
    HAL_ETH_MspInit                          0x08001241   Thumb Code   350  ethernetif.o(i.HAL_ETH_MspInit)
    HAL_ETH_ReadPHYRegister                  0x080013b5   Thumb Code   146  stm32f4xx_hal_eth.o(i.HAL_ETH_ReadPHYRegister)
    HAL_ETH_Start                            0x08001447   Thumb Code    82  stm32f4xx_hal_eth.o(i.HAL_ETH_Start)
    HAL_ETH_TransmitFrame                    0x08001499   Thumb Code   318  stm32f4xx_hal_eth.o(i.HAL_ETH_TransmitFrame)
    HAL_ETH_WritePHYRegister                 0x080015d7   Thumb Code   144  stm32f4xx_hal_eth.o(i.HAL_ETH_WritePHYRegister)
    HAL_GPIO_EXTI_Callback                   0x08001669   Thumb Code   108  key.o(i.HAL_GPIO_EXTI_Callback)
    HAL_GPIO_EXTI_IRQHandler                 0x080016d9   Thumb Code    24  stm32f4xx_hal_gpio.o(i.HAL_GPIO_EXTI_IRQHandler)
    HAL_GPIO_Init                            0x080016f5   Thumb Code   470  stm32f4xx_hal_gpio.o(i.HAL_GPIO_Init)
    HAL_GPIO_ReadPin                         0x080018f9   Thumb Code    16  stm32f4xx_hal_gpio.o(i.HAL_GPIO_ReadPin)
    HAL_GPIO_WritePin                        0x08001909   Thumb Code    12  stm32f4xx_hal_gpio.o(i.HAL_GPIO_WritePin)
    HAL_GetTick                              0x08001915   Thumb Code     6  stm32f4xx_hal.o(i.HAL_GetTick)
    HAL_IncTick                              0x08001921   Thumb Code    16  stm32f4xx_hal.o(i.HAL_IncTick)
    HAL_Init                                 0x08001939   Thumb Code    54  stm32f4xx_hal.o(i.HAL_Init)
    HAL_InitTick                             0x08001975   Thumb Code    64  stm32f4xx_hal.o(i.HAL_InitTick)
    HAL_MspInit                              0x080019c1   Thumb Code    68  stm32f4xx_hal_msp.o(i.HAL_MspInit)
    HAL_NVIC_EnableIRQ                       0x08001a09   Thumb Code    32  stm32f4xx_hal_cortex.o(i.HAL_NVIC_EnableIRQ)
    HAL_NVIC_SetPriority                     0x08001a29   Thumb Code   124  stm32f4xx_hal_cortex.o(i.HAL_NVIC_SetPriority)
    HAL_NVIC_SetPriorityGrouping             0x08001aa5   Thumb Code    32  stm32f4xx_hal_cortex.o(i.HAL_NVIC_SetPriorityGrouping)
    HAL_RCC_ClockConfig                      0x08001acd   Thumb Code   368  stm32f4xx_hal_rcc.o(i.HAL_RCC_ClockConfig)
    HAL_RCC_EnableCSS                        0x08001c51   Thumb Code     8  stm32f4xx_hal_rcc.o(i.HAL_RCC_EnableCSS)
    HAL_RCC_GetHCLKFreq                      0x08001c5d   Thumb Code     6  stm32f4xx_hal_rcc.o(i.HAL_RCC_GetHCLKFreq)
    HAL_RCC_GetPCLK1Freq                     0x08001c69   Thumb Code    22  stm32f4xx_hal_rcc.o(i.HAL_RCC_GetPCLK1Freq)
    HAL_RCC_GetPCLK2Freq                     0x08001c89   Thumb Code    22  stm32f4xx_hal_rcc.o(i.HAL_RCC_GetPCLK2Freq)
    HAL_RCC_GetSysClockFreq                  0x08001ca9   Thumb Code   162  stm32f4xx_hal_rcc.o(i.HAL_RCC_GetSysClockFreq)
    HAL_RCC_OscConfig                        0x08001d59   Thumb Code  1172  stm32f4xx_hal_rcc.o(i.HAL_RCC_OscConfig)
    HAL_SYSTICK_CLKSourceConfig              0x080021f5   Thumb Code    40  stm32f4xx_hal_cortex.o(i.HAL_SYSTICK_CLKSourceConfig)
    HAL_SYSTICK_Callback                     0x0800221d   Thumb Code     8  main.o(i.HAL_SYSTICK_Callback)
    HAL_SYSTICK_Config                       0x08002229   Thumb Code    52  stm32f4xx_hal_cortex.o(i.HAL_SYSTICK_Config)
    HAL_SYSTICK_IRQHandler                   0x0800225d   Thumb Code     8  stm32f4xx_hal_cortex.o(i.HAL_SYSTICK_IRQHandler)
    HAL_TIMEx_BreakCallback                  0x08002265   Thumb Code     2  stm32f4xx_hal_tim_ex.o(i.HAL_TIMEx_BreakCallback)
    HAL_TIMEx_CommutCallback                 0x08002267   Thumb Code     2  stm32f4xx_hal_tim_ex.o(i.HAL_TIMEx_CommutCallback)
    HAL_TIMEx_MasterConfigSynchronization    0x08002269   Thumb Code   150  stm32f4xx_hal_tim_ex.o(i.HAL_TIMEx_MasterConfigSynchronization)
    HAL_TIM_Base_Init                        0x0800231d   Thumb Code   102  stm32f4xx_hal_tim.o(i.HAL_TIM_Base_Init)
    HAL_TIM_Base_MspInit                     0x08002385   Thumb Code   142  bsp_generaltim.o(i.HAL_TIM_Base_MspInit)
    HAL_TIM_Base_Start                       0x08002421   Thumb Code   126  stm32f4xx_hal_tim.o(i.HAL_TIM_Base_Start)
    HAL_TIM_Base_Start_IT                    0x080024bd   Thumb Code   138  stm32f4xx_hal_tim.o(i.HAL_TIM_Base_Start_IT)
    HAL_TIM_ConfigClockSource                0x08002565   Thumb Code   264  stm32f4xx_hal_tim.o(i.HAL_TIM_ConfigClockSource)
    HAL_TIM_IC_CaptureCallback               0x0800266d   Thumb Code     2  stm32f4xx_hal_tim.o(i.HAL_TIM_IC_CaptureCallback)
    HAL_TIM_IRQHandler                       0x0800266f   Thumb Code   406  stm32f4xx_hal_tim.o(i.HAL_TIM_IRQHandler)
    HAL_TIM_OC_DelayElapsedCallback          0x08002805   Thumb Code     2  stm32f4xx_hal_tim.o(i.HAL_TIM_OC_DelayElapsedCallback)
    HAL_TIM_PWM_PulseFinishedCallback        0x08002807   Thumb Code     2  stm32f4xx_hal_tim.o(i.HAL_TIM_PWM_PulseFinishedCallback)
    HAL_TIM_PeriodElapsedCallback            0x08002809   Thumb Code    16  main.o(i.HAL_TIM_PeriodElapsedCallback)
    HAL_TIM_SlaveConfigSynchro               0x0800281d   Thumb Code   108  stm32f4xx_hal_tim.o(i.HAL_TIM_SlaveConfigSynchro)
    HAL_TIM_TriggerCallback                  0x08002889   Thumb Code     2  stm32f4xx_hal_tim.o(i.HAL_TIM_TriggerCallback)
    HAL_UARTEx_RxEventCallback               0x0800288b   Thumb Code     2  stm32f4xx_hal_uart.o(i.HAL_UARTEx_RxEventCallback)
    HAL_UART_ErrorCallback                   0x0800288d   Thumb Code     2  stm32f4xx_hal_uart.o(i.HAL_UART_ErrorCallback)
    HAL_UART_IRQHandler                      0x08002891   Thumb Code   586  stm32f4xx_hal_uart.o(i.HAL_UART_IRQHandler)
    HAL_UART_Init                            0x08002ae1   Thumb Code   114  stm32f4xx_hal_uart.o(i.HAL_UART_Init)
    HAL_UART_MspInit                         0x08002b55   Thumb Code   138  usart.o(i.HAL_UART_MspInit)
    HAL_UART_RxCpltCallback                  0x08002bed   Thumb Code     2  stm32f4xx_hal_uart.o(i.HAL_UART_RxCpltCallback)
    HAL_UART_Transmit                        0x08002bef   Thumb Code   210  stm32f4xx_hal_uart.o(i.HAL_UART_Transmit)
    HAL_UART_TxCpltCallback                  0x08002cc1   Thumb Code     2  stm32f4xx_hal_uart.o(i.HAL_UART_TxCpltCallback)
    HardFault_Handler                        0x08002cc3   Thumb Code     4  stm32f4xx_it.o(i.HardFault_Handler)
    INOVANCE_Nsetup                          0x08002cc9   Thumb Code   272  soem.o(i.INOVANCE_Nsetup)
    LAN8720A_StartAutoNego                   0x08002e05   Thumb Code    32  lan8720.o(i.LAN8720A_StartAutoNego)
    LAN8720_GetLinkState                     0x08002e25   Thumb Code   254  lan8720.o(i.LAN8720_GetLinkState)
    LAN8720_Init                             0x08002f81   Thumb Code   162  lan8720.o(i.LAN8720_Init)
    MX_ETH_Init                              0x0800308d   Thumb Code   146  ethernetif.o(i.MX_ETH_Init)
    MX_GPIO_Init                             0x08003141   Thumb Code   256  gpio.o(i.MX_GPIO_Init)
    MX_TIM2_Init                             0x08003251   Thumb Code    74  bsp_generaltim.o(i.MX_TIM2_Init)
    MX_TIM3_Init                             0x080032a5   Thumb Code    64  bsp_generaltim.o(i.MX_TIM3_Init)
    MX_TIM4_Init                             0x080032ed   Thumb Code    66  bsp_generaltim.o(i.MX_TIM4_Init)
    MX_USART2_UART_Init                      0x08003339   Thumb Code    46  usart.o(i.MX_USART2_UART_Init)
    MemManage_Handler                        0x08003371   Thumb Code     4  stm32f4xx_it.o(i.MemManage_Handler)
    NMI_Handler                              0x08003375   Thumb Code     4  stm32f4xx_it.o(i.NMI_Handler)
    PHY_Init                                 0x08003379   Thumb Code   114  ethernetif.o(i.PHY_Init)
    PendSV_Handler                           0x08003411   Thumb Code     2  stm32f4xx_it.o(i.PendSV_Handler)
    SVC_Handler                              0x08003413   Thumb Code     2  stm32f4xx_it.o(i.SVC_Handler)
    SysTick_Handler                          0x08003415   Thumb Code    12  stm32f4xx_it.o(i.SysTick_Handler)
    SystemClock_Config                       0x08003421   Thumb Code   210  main.o(i.SystemClock_Config)
    SystemInit                               0x080034fd   Thumb Code    14  system_stm32f4xx.o(i.SystemInit)
    TIM4_IRQHandler                          0x08003511   Thumb Code    10  stm32f4xx_it.o(i.TIM4_IRQHandler)
    TIM_Base_SetConfig                       0x08003521   Thumb Code   170  stm32f4xx_hal_tim.o(i.TIM_Base_SetConfig)
    TIM_ETR_SetConfig                        0x080035f9   Thumb Code    22  stm32f4xx_hal_tim.o(i.TIM_ETR_SetConfig)
    USART2_IRQHandler                        0x08003b39   Thumb Code    10  stm32f4xx_it.o(i.USART2_IRQHandler)
    UsageFault_Handler                       0x08003b49   Thumb Code     4  stm32f4xx_it.o(i.UsageFault_Handler)
    __0printf                                0x08003b4d   Thumb Code    22  printfa.o(i.__0printf)
    __1printf                                0x08003b4d   Thumb Code     0  printfa.o(i.__0printf)
    __2printf                                0x08003b4d   Thumb Code     0  printfa.o(i.__0printf)
    __c89printf                              0x08003b4d   Thumb Code     0  printfa.o(i.__0printf)
    printf                                   0x08003b4d   Thumb Code     0  printfa.o(i.__0printf)
    __0sprintf                               0x08003b6d   Thumb Code    34  printfa.o(i.__0sprintf)
    __1sprintf                               0x08003b6d   Thumb Code     0  printfa.o(i.__0sprintf)
    __2sprintf                               0x08003b6d   Thumb Code     0  printfa.o(i.__0sprintf)
    __c89sprintf                             0x08003b6d   Thumb Code     0  printfa.o(i.__0sprintf)
    sprintf                                  0x08003b6d   Thumb Code     0  printfa.o(i.__0sprintf)
    __scatterload_copy                       0x08003bcd   Thumb Code    14  handlers.o(i.__scatterload_copy)
    __scatterload_null                       0x08003bdb   Thumb Code     2  handlers.o(i.__scatterload_null)
    __scatterload_zeroinit                   0x08003bdd   Thumb Code    14  handlers.o(i.__scatterload_zeroinit)
    bfin_EMAC_recv                           0x080044a9   Thumb Code   166  ethernetif.o(i.bfin_EMAC_recv)
    bfin_EMAC_send                           0x0800455d   Thumb Code    28  ethernetif.o(i.bfin_EMAC_send)
    bsp_GetKey                               0x0800457d   Thumb Code    44  key.o(i.bsp_GetKey)
    bsp_PutKey                               0x080045ad   Thumb Code    42  key.o(i.bsp_PutKey)
    ctrl_state                               0x080045dd   Thumb Code   110  soem.o(i.ctrl_state)
    ec_SDOwrite                              0x08004669   Thumb Code    42  ethercatcoe.o(i.ec_SDOwrite)
    ec_clearmbx                              0x08004699   Thumb Code    16  ethercatmain.o(i.ec_clearmbx)
    ec_config_init                           0x080046a9   Thumb Code    14  ethercatconfig.o(i.ec_config_init)
    ec_config_map                            0x080046bd   Thumb Code    14  ethercatconfig.o(i.ec_config_map)
    ec_config_map_group                      0x080046cd   Thumb Code    18  ethercatconfig.o(i.ec_config_map_group)
    ec_configdc                              0x080046e5   Thumb Code    10  ethercatdc.o(i.ec_configdc)
    ec_dcsync0                               0x080046f5   Thumb Code    26  ethercatdc.o(i.ec_dcsync0)
    ec_findconfig                            0x08004715   Thumb Code    68  ethercatconfig.o(i.ec_findconfig)
    ec_init                                  0x0800475d   Thumb Code    14  ethercatmain.o(i.ec_init)
    ec_nextmbxcnt                            0x08004771   Thumb Code    12  ethercatmain.o(i.ec_nextmbxcnt)
    ec_receive_processdata                   0x0800477d   Thumb Code    14  ethercatmain.o(i.ec_receive_processdata)
    ec_receive_processdata_group             0x0800478d   Thumb Code    18  ethercatmain.o(i.ec_receive_processdata_group)
    ec_send_processdata                      0x080047a5   Thumb Code    10  ethercatmain.o(i.ec_send_processdata)
    ec_send_processdata_group                0x080047b1   Thumb Code    14  ethercatmain.o(i.ec_send_processdata_group)
    ec_setupheader                           0x080047c5   Thumb Code    78  nicdrv.o(i.ec_setupheader)
    ec_statecheck                            0x08004819   Thumb Code    22  ethercatmain.o(i.ec_statecheck)
    ec_writestate                            0x08004835   Thumb Code    14  ethercatmain.o(i.ec_writestate)
    ecat_init                                0x08004849   Thumb Code   432  soem.o(i.ecat_init)
    ecat_loop                                0x08004bb9   Thumb Code    22  soem.o(i.ecat_loop)
    ecx_APRD                                 0x08004bd5   Thumb Code   122  ethercatbase.o(i.ecx_APRD)
    ecx_APRDw                                0x08004c4f   Thumb Code    38  ethercatbase.o(i.ecx_APRDw)
    ecx_APWR                                 0x08004c75   Thumb Code    86  ethercatbase.o(i.ecx_APWR)
    ecx_APWRw                                0x08004ccb   Thumb Code    34  ethercatbase.o(i.ecx_APWRw)
    ecx_BRD                                  0x08004ced   Thumb Code   122  ethercatbase.o(i.ecx_BRD)
    ecx_BWR                                  0x08004d67   Thumb Code    86  ethercatbase.o(i.ecx_BWR)
    ecx_FPRD                                 0x08004dbd   Thumb Code   122  ethercatbase.o(i.ecx_FPRD)
    ecx_FPRDw                                0x08004e37   Thumb Code    38  ethercatbase.o(i.ecx_FPRDw)
    ecx_FPWR                                 0x08004e5d   Thumb Code    86  ethercatbase.o(i.ecx_FPWR)
    ecx_FPWRw                                0x08004eb3   Thumb Code    34  ethercatbase.o(i.ecx_FPWRw)
    ecx_SDOerror                             0x08004ed5   Thumb Code    82  ethercatcoe.o(i.ecx_SDOerror)
    ecx_SDOread                              0x08004f27   Thumb Code   866  ethercatcoe.o(i.ecx_SDOread)
    ecx_SDOwrite                             0x08005289   Thumb Code  1018  ethercatcoe.o(i.ecx_SDOwrite)
    ecx_SoEerror                             0x08005683   Thumb Code    76  ethercatsoe.o(i.ecx_SoEerror)
    ecx_SoEread                              0x080056cf   Thumb Code   550  ethercatsoe.o(i.ecx_SoEread)
    ecx_adddatagram                          0x080058f5   Thumb Code   140  ethercatbase.o(i.ecx_adddatagram)
    ecx_config_init                          0x08006661   Thumb Code  2684  ethercatconfig.o(i.ecx_config_init)
    ecx_config_map_group                     0x08007125   Thumb Code   980  ethercatconfig.o(i.ecx_config_map_group)
    ecx_configdc                             0x08007531   Thumb Code  1614  ethercatdc.o(i.ecx_configdc)
    ecx_dcsync0                              0x08007b81   Thumb Code   366  ethercatdc.o(i.ecx_dcsync0)
    ecx_detect_slaves                        0x08007cf5   Thumb Code   144  ethercatconfig.o(i.ecx_detect_slaves)
    ecx_eeprom2master                        0x08007d89   Thumb Code   168  ethercatmain.o(i.ecx_eeprom2master)
    ecx_eeprom2pdi                           0x08007e31   Thumb Code   122  ethercatmain.o(i.ecx_eeprom2pdi)
    ecx_eeprom_waitnotbusyFP                 0x08007eab   Thumb Code   122  ethercatmain.o(i.ecx_eeprom_waitnotbusyFP)
    ecx_getindex                             0x08007f41   Thumb Code    86  nicdrv.o(i.ecx_getindex)
    ecx_inframe                              0x08007f97   Thumb Code   296  nicdrv.o(i.ecx_inframe)
    ecx_init                                 0x080080bf   Thumb Code    18  ethercatmain.o(i.ecx_init)
    ecx_init_context                         0x080080d1   Thumb Code    84  ethercatconfig.o(i.ecx_init_context)
    ecx_mbxempty                             0x0800924f   Thumb Code   146  ethercatmain.o(i.ecx_mbxempty)
    ecx_mbxreceive                           0x08009325   Thumb Code   548  ethercatmain.o(i.ecx_mbxreceive)
    ecx_mbxsend                              0x08009549   Thumb Code   128  ethercatmain.o(i.ecx_mbxsend)
    ecx_outframe                             0x080095c9   Thumb Code    64  nicdrv.o(i.ecx_outframe)
    ecx_outframe_red                         0x08009609   Thumb Code   100  nicdrv.o(i.ecx_outframe_red)
    ecx_packeterror                          0x08009675   Thumb Code    82  ethercatmain.o(i.ecx_packeterror)
    ecx_pusherror                            0x0800985f   Thumb Code   134  ethercatmain.o(i.ecx_pusherror)
    ecx_readIDNmap                           0x0800991d   Thumb Code   370  ethercatsoe.o(i.ecx_readIDNmap)
    ecx_readPDOassign                        0x08009a95   Thumb Code   262  ethercatcoe.o(i.ecx_readPDOassign)
    ecx_readPDOassignCA                      0x08009ba1   Thumb Code   256  ethercatcoe.o(i.ecx_readPDOassignCA)
    ecx_readPDOmap                           0x08009ca5   Thumb Code   424  ethercatcoe.o(i.ecx_readPDOmap)
    ecx_readPDOmapCA                         0x08009e51   Thumb Code   386  ethercatcoe.o(i.ecx_readPDOmapCA)
    ecx_readeeprom1                          0x08009fd9   Thumb Code   164  ethercatmain.o(i.ecx_readeeprom1)
    ecx_readeeprom2                          0x0800a07d   Thumb Code   102  ethercatmain.o(i.ecx_readeeprom2)
    ecx_readeepromFP                         0x0800a0e3   Thumb Code   324  ethercatmain.o(i.ecx_readeepromFP)
    ecx_receive_processdata_group            0x0800a227   Thumb Code   432  ethercatmain.o(i.ecx_receive_processdata_group)
    ecx_send_processdata_group               0x0800a40d   Thumb Code    18  ethercatmain.o(i.ecx_send_processdata_group)
    ecx_setbufstat                           0x0800a58b   Thumb Code    32  nicdrv.o(i.ecx_setbufstat)
    ecx_setupdatagram                        0x0800a5ab   Thumb Code    94  ethercatbase.o(i.ecx_setupdatagram)
    ecx_setupnic                             0x0800a609   Thumb Code   310  nicdrv.o(i.ecx_setupnic)
    ecx_siiFMMU                              0x0800a73f   Thumb Code   196  ethercatmain.o(i.ecx_siiFMMU)
    ecx_siiPDO                               0x0800a803   Thumb Code   486  ethercatmain.o(i.ecx_siiPDO)
    ecx_siiSM                                0x0800a9e9   Thumb Code   262  ethercatmain.o(i.ecx_siiSM)
    ecx_siiSMnext                            0x0800aaef   Thumb Code   214  ethercatmain.o(i.ecx_siiSMnext)
    ecx_siifind                              0x0800abc5   Thumb Code   188  ethercatmain.o(i.ecx_siifind)
    ecx_siigetbyte                           0x0800ac81   Thumb Code   264  ethercatmain.o(i.ecx_siigetbyte)
    ecx_siistring                            0x0800ad89   Thumb Code   212  ethercatmain.o(i.ecx_siistring)
    ecx_srconfirm                            0x0800ae5d   Thumb Code   104  nicdrv.o(i.ecx_srconfirm)
    ecx_statecheck                           0x0800aec5   Thumb Code   214  ethercatmain.o(i.ecx_statecheck)
    ecx_waitinframe                          0x0800af9b   Thumb Code    52  nicdrv.o(i.ecx_waitinframe)
    ecx_writestate                           0x0800b1d1   Thumb Code   106  ethercatmain.o(i.ecx_writestate)
    fputc                                    0x0800b23d   Thumb Code    22  usart.o(i.fputc)
    key_fifoinit                             0x0800b259   Thumb Code     8  key.o(i.key_fifoinit)
    low_level_output                         0x0800b261   Thumb Code   104  ethernetif.o(i.low_level_output)
    main                                     0x0800b2cd   Thumb Code   270  main.o(i.main)
    osal_current_time                        0x0800b491   Thumb Code    50  osal.o(i.osal_current_time)
    osal_timer_is_expired                    0x0800b4c3   Thumb Code    88  osal.o(i.osal_timer_is_expired)
    osal_timer_start                         0x0800b51d   Thumb Code   102  osal.o(i.osal_timer_start)
    osal_usleep                              0x0800b589   Thumb Code    28  osal.o(i.osal_usleep)
    oshw_htons                               0x0800b5a5   Thumb Code    12  oshw.o(i.oshw_htons)
    oshw_ntohs                               0x0800b5b1   Thumb Code    12  oshw.o(i.oshw_ntohs)
    printState                               0x0800b5bd   Thumb Code    50  main.o(i.printState)
    write16                                  0x0800b631   Thumb Code    76  soem.o(i.write16)
    write32                                  0x0800b6dd   Thumb Code    72  soem.o(i.write32)
    write8                                   0x0800b785   Thumb Code    76  soem.o(i.write8)
    AHBPrescTable                            0x0800b830   Data          16  system_stm32f4xx.o(.constdata)
    APBPrescTable                            0x0800b840   Data           8  system_stm32f4xx.o(.constdata)
    priMAC                                   0x0800b848   Data           6  nicdrv.o(.constdata)
    secMAC                                   0x0800b84e   Data           6  nicdrv.o(.constdata)
    ec_configlist                            0x0800b854   Data        1728  ethercatconfig.o(.constdata)
    Region$$Table$$Base                      0x0800bf9c   Number         0  anon$$obj.o(Region$$Table)
    Region$$Table$$Limit                     0x0800bfcc   Number         0  anon$$obj.o(Region$$Table)
    Time1msFlag                              0x20000000   Data           4  main.o(.data)
    Time10msFlag                             0x20000004   Data           4  main.o(.data)
    Time200msFlag                            0x20000008   Data           4  main.o(.data)
    uwTick                                   0x2000000c   Data           4  stm32f4xx_hal.o(.data)
    uwTickPrio                               0x20000010   Data           4  stm32f4xx_hal.o(.data)
    uwTickFreq                               0x20000014   Data           1  stm32f4xx_hal.o(.data)
    SystemCoreClock                          0x20000018   Data           4  system_stm32f4xx.o(.data)
    outputs1                                 0x2000001c   Data           4  soem.o(.data)
    inputs1                                  0x20000020   Data           4  soem.o(.data)
    Motor_Run                                0x20000024   Data           4  soem.o(.data)
    expectedWKC                              0x20000028   Data           4  soem.o(.data)
    RecvLength                               0x2000002c   Data           1  ethernetif.o(.data)
    current_pbuf_idx                         0x20000030   Data           4  ethernetif.o(.data)
    lan8720addr                              0x20000034   Data           4  lan8720.o(.data)
    ec_slavecount                            0x20000038   Data           4  ethercatmain.o(.data)
    EcatError                                0x20000044   Data           1  ethercatmain.o(.data)
    ec_DCtime                                0x20000048   Data           8  ethercatmain.o(.data)
    ecx_context                              0x20000050   Data          80  ethercatmain.o(.data)
    __stdout                                 0x200000a0   Data           4  stdout.o(.data)
    huart2                                   0x200000a4   Data          68  usart.o(.bss)
    htim2                                    0x200000e8   Data          72  bsp_generaltim.o(.bss)
    htim3                                    0x20000130   Data          72  bsp_generaltim.o(.bss)
    htim4                                    0x20000178   Data          72  bsp_generaltim.o(.bss)
    s_tKey                                   0x200001c0   Data          12  key.o(.bss)
    IOmap                                    0x200001cc   Data        4096  soem.o(.bss)
    DMARxDscrTab                             0x200011cc   Data         128  ethernetif.o(.bss)
    DMATxDscrTab                             0x2000124c   Data         128  ethernetif.o(.bss)
    Rx_Buff                                  0x200012cc   Data        6096  ethernetif.o(.bss)
    Tx_Buff                                  0x20002a9c   Data        6096  ethernetif.o(.bss)
    heth                                     0x2000426c   Data          72  ethernetif.o(.bss)
    ecx_mapt                                 0x200042b4   Data          16  ethercatconfig.o(.bss)
    ec_slave                                 0x200042c4   Data        1248  ethercatmain.o(.bss)
    ec_group                                 0x200047a4   Data         592  ethercatmain.o(.bss)
    ecx_port                                 0x200068a0   Data       51860  ethercatmain.o(.bss)
    ecx_redport                              0x20013334   Data       25968  ethercatmain.o(.bss)
    __initial_sp                             0x2001e000   Data           0  startup_stm32f407xx.o(STACK)



==============================================================================

Memory Map of the image

  Image Entry point : 0x08000189

  Load Region LR_IROM1 (Base: 0x08000000, Size: 0x0000c070, Max: 0x00080000, ABSOLUTE)

    Execution Region ER_IROM1 (Exec base: 0x08000000, Load base: 0x08000000, Size: 0x0000bfcc, Max: 0x00080000, ABSOLUTE)

    Exec Addr    Load Addr    Size         Type   Attr      Idx    E Section Name        Object

    0x08000000   0x08000000   0x00000188   Data   RO            3    RESET               startup_stm32f407xx.o
    0x08000188   0x08000188   0x00000000   Code   RO         8481  * .ARM.Collect$$$$00000000  mc_w.l(entry.o)
    0x08000188   0x08000188   0x00000004   Code   RO         8767    .ARM.Collect$$$$00000001  mc_w.l(entry2.o)
    0x0800018c   0x0800018c   0x00000004   Code   RO         8770    .ARM.Collect$$$$00000004  mc_w.l(entry5.o)
    0x08000190   0x08000190   0x00000000   Code   RO         8772    .ARM.Collect$$$$00000008  mc_w.l(entry7b.o)
    0x08000190   0x08000190   0x00000000   Code   RO         8774    .ARM.Collect$$$$0000000A  mc_w.l(entry8b.o)
    0x08000190   0x08000190   0x00000008   Code   RO         8775    .ARM.Collect$$$$0000000B  mc_w.l(entry9a.o)
    0x08000198   0x08000198   0x00000000   Code   RO         8777    .ARM.Collect$$$$0000000D  mc_w.l(entry10a.o)
    0x08000198   0x08000198   0x00000000   Code   RO         8779    .ARM.Collect$$$$0000000F  mc_w.l(entry11a.o)
    0x08000198   0x08000198   0x00000004   Code   RO         8768    .ARM.Collect$$$$00002712  mc_w.l(entry2.o)
    0x0800019c   0x0800019c   0x00000024   Code   RO            4    .text               startup_stm32f407xx.o
    0x080001c0   0x080001c0   0x00000062   Code   RO         8484    .text               mc_w.l(uldiv.o)
    0x08000222   0x08000222   0x00000062   Code   RO         8486    .text               mc_w.l(ldiv.o)
    0x08000284   0x08000284   0x00000024   Code   RO         8488    .text               mc_w.l(memcpya.o)
    0x080002a8   0x080002a8   0x00000024   Code   RO         8490    .text               mc_w.l(memseta.o)
    0x080002cc   0x080002cc   0x00000012   Code   RO         8496    .text               mc_w.l(strcpy.o)
    0x080002de   0x080002de   0x0000014e   Code   RO         8761    .text               mf_w.l(dadd.o)
    0x0800042c   0x0800042c   0x000000de   Code   RO         8763    .text               mf_w.l(ddiv.o)
    0x0800050a   0x0800050a   0x0000002c   Code   RO         8782    .text               mc_w.l(uidiv.o)
    0x08000536   0x08000536   0x0000001e   Code   RO         8784    .text               mc_w.l(llshl.o)
    0x08000554   0x08000554   0x00000020   Code   RO         8786    .text               mc_w.l(llushr.o)
    0x08000574   0x08000574   0x00000024   Code   RO         8788    .text               mc_w.l(llsshr.o)
    0x08000598   0x08000598   0x00000000   Code   RO         8790    .text               mc_w.l(iusefp.o)
    0x08000598   0x08000598   0x000000ba   Code   RO         8791    .text               mf_w.l(depilogue.o)
    0x08000652   0x08000652   0x000000e4   Code   RO         8793    .text               mf_w.l(dmul.o)
    0x08000736   0x08000736   0x00000030   Code   RO         8795    .text               mf_w.l(dfixul.o)
    0x08000766   0x08000766   0x00000002   PAD
    0x08000768   0x08000768   0x00000030   Code   RO         8797    .text               mf_w.l(cdrcmple.o)
    0x08000798   0x08000798   0x00000024   Code   RO         8799    .text               mc_w.l(init.o)
    0x080007bc   0x080007bc   0x00000004   Code   RO          471    i.BusFault_Handler  stm32f4xx_it.o
    0x080007c0   0x080007c0   0x00000002   Code   RO          472    i.DebugMon_Handler  stm32f4xx_it.o
    0x080007c2   0x080007c2   0x00000016   Code   RO         3974    i.ETH_DMAReceptionEnable  stm32f4xx_hal_eth.o
    0x080007d8   0x080007d8   0x00000016   Code   RO         3976    i.ETH_DMATransmissionEnable  stm32f4xx_hal_eth.o
    0x080007ee   0x080007ee   0x00000002   PAD
    0x080007f0   0x080007f0   0x00000028   Code   RO         3977    i.ETH_Delay         stm32f4xx_hal_eth.o
    0x08000818   0x08000818   0x00000038   Code   RO         3978    i.ETH_FlushTransmitFIFO  stm32f4xx_hal_eth.o
    0x08000850   0x08000850   0x00000034   Code   RO         3979    i.ETH_MACAddressConfig  stm32f4xx_hal_eth.o
    0x08000884   0x08000884   0x00000244   Code   RO         3980    i.ETH_MACDMAConfig  stm32f4xx_hal_eth.o
    0x08000ac8   0x08000ac8   0x00000028   Code   RO         3982    i.ETH_MACReceptionEnable  stm32f4xx_hal_eth.o
    0x08000af0   0x08000af0   0x00000028   Code   RO         3984    i.ETH_MACTransmissionEnable  stm32f4xx_hal_eth.o
    0x08000b18   0x08000b18   0x00000020   Code   RO         6723    i.ETH_PHY_ReadReg   lan8720.o
    0x08000b38   0x08000b38   0x00000024   Code   RO         6724    i.ETH_PHY_WriteReg  lan8720.o
    0x08000b5c   0x08000b5c   0x0000001c   Code   RO          473    i.EXTI15_10_IRQHandler  stm32f4xx_it.o
    0x08000b78   0x08000b78   0x0000000c   Code   RO          474    i.EXTI9_5_IRQHandler  stm32f4xx_it.o
    0x08000b84   0x08000b84   0x00000006   Code   RO           13    i.Error_Handler     main.o
    0x08000b8a   0x08000b8a   0x00000002   PAD
    0x08000b8c   0x08000b8c   0x0000000c   Code   RO         6446    i.GetSec            bsp_generaltim.o
    0x08000b98   0x08000b98   0x00000008   Code   RO         6447    i.GetUSec           bsp_generaltim.o
    0x08000ba0   0x08000ba0   0x000000aa   Code   RO         2453    i.HAL_DMA_Abort     stm32f4xx_hal_dma.o
    0x08000c4a   0x08000c4a   0x00000028   Code   RO         2454    i.HAL_DMA_Abort_IT  stm32f4xx_hal_dma.o
    0x08000c72   0x08000c72   0x00000002   PAD
    0x08000c74   0x08000c74   0x00000028   Code   RO         2877    i.HAL_Delay         stm32f4xx_hal.o
    0x08000c9c   0x08000c9c   0x00000140   Code   RO         3986    i.HAL_ETH_ConfigMAC  stm32f4xx_hal_eth.o
    0x08000ddc   0x08000ddc   0x0000008c   Code   RO         3987    i.HAL_ETH_DMARxDescListInit  stm32f4xx_hal_eth.o
    0x08000e68   0x08000e68   0x00000084   Code   RO         3988    i.HAL_ETH_DMATxDescListInit  stm32f4xx_hal_eth.o
    0x08000eec   0x08000eec   0x000000b2   Code   RO         3991    i.HAL_ETH_GetReceivedFrame  stm32f4xx_hal_eth.o
    0x08000f9e   0x08000f9e   0x00000002   PAD
    0x08000fa0   0x08000fa0   0x000002a0   Code   RO         3995    i.HAL_ETH_Init      stm32f4xx_hal_eth.o
    0x08001240   0x08001240   0x00000174   Code   RO         6637    i.HAL_ETH_MspInit   ethernetif.o
    0x080013b4   0x080013b4   0x00000092   Code   RO         3998    i.HAL_ETH_ReadPHYRegister  stm32f4xx_hal_eth.o
    0x08001446   0x08001446   0x00000052   Code   RO         4000    i.HAL_ETH_Start     stm32f4xx_hal_eth.o
    0x08001498   0x08001498   0x0000013e   Code   RO         4002    i.HAL_ETH_TransmitFrame  stm32f4xx_hal_eth.o
    0x080015d6   0x080015d6   0x00000090   Code   RO         4004    i.HAL_ETH_WritePHYRegister  stm32f4xx_hal_eth.o
    0x08001666   0x08001666   0x00000002   PAD
    0x08001668   0x08001668   0x00000070   Code   RO         6511    i.HAL_GPIO_EXTI_Callback  key.o
    0x080016d8   0x080016d8   0x0000001c   Code   RO         2345    i.HAL_GPIO_EXTI_IRQHandler  stm32f4xx_hal_gpio.o
    0x080016f4   0x080016f4   0x00000204   Code   RO         2346    i.HAL_GPIO_Init     stm32f4xx_hal_gpio.o
    0x080018f8   0x080018f8   0x00000010   Code   RO         2348    i.HAL_GPIO_ReadPin  stm32f4xx_hal_gpio.o
    0x08001908   0x08001908   0x0000000c   Code   RO         2350    i.HAL_GPIO_WritePin  stm32f4xx_hal_gpio.o
    0x08001914   0x08001914   0x0000000c   Code   RO         2883    i.HAL_GetTick       stm32f4xx_hal.o
    0x08001920   0x08001920   0x00000018   Code   RO         2889    i.HAL_IncTick       stm32f4xx_hal.o
    0x08001938   0x08001938   0x0000003c   Code   RO         2890    i.HAL_Init          stm32f4xx_hal.o
    0x08001974   0x08001974   0x0000004c   Code   RO         2891    i.HAL_InitTick      stm32f4xx_hal.o
    0x080019c0   0x080019c0   0x00000048   Code   RO          571    i.HAL_MspInit       stm32f4xx_hal_msp.o
    0x08001a08   0x08001a08   0x00000020   Code   RO         2735    i.HAL_NVIC_EnableIRQ  stm32f4xx_hal_cortex.o
    0x08001a28   0x08001a28   0x0000007c   Code   RO         2741    i.HAL_NVIC_SetPriority  stm32f4xx_hal_cortex.o
    0x08001aa4   0x08001aa4   0x00000028   Code   RO         2742    i.HAL_NVIC_SetPriorityGrouping  stm32f4xx_hal_cortex.o
    0x08001acc   0x08001acc   0x00000184   Code   RO         1947    i.HAL_RCC_ClockConfig  stm32f4xx_hal_rcc.o
    0x08001c50   0x08001c50   0x0000000c   Code   RO         1950    i.HAL_RCC_EnableCSS  stm32f4xx_hal_rcc.o
    0x08001c5c   0x08001c5c   0x0000000c   Code   RO         1952    i.HAL_RCC_GetHCLKFreq  stm32f4xx_hal_rcc.o
    0x08001c68   0x08001c68   0x00000020   Code   RO         1954    i.HAL_RCC_GetPCLK1Freq  stm32f4xx_hal_rcc.o
    0x08001c88   0x08001c88   0x00000020   Code   RO         1955    i.HAL_RCC_GetPCLK2Freq  stm32f4xx_hal_rcc.o
    0x08001ca8   0x08001ca8   0x000000b0   Code   RO         1956    i.HAL_RCC_GetSysClockFreq  stm32f4xx_hal_rcc.o
    0x08001d58   0x08001d58   0x0000049c   Code   RO         1959    i.HAL_RCC_OscConfig  stm32f4xx_hal_rcc.o
    0x080021f4   0x080021f4   0x00000028   Code   RO         2744    i.HAL_SYSTICK_CLKSourceConfig  stm32f4xx_hal_cortex.o
    0x0800221c   0x0800221c   0x0000000c   Code   RO           14    i.HAL_SYSTICK_Callback  main.o
    0x08002228   0x08002228   0x00000034   Code   RO         2746    i.HAL_SYSTICK_Config  stm32f4xx_hal_cortex.o
    0x0800225c   0x0800225c   0x00000008   Code   RO         2747    i.HAL_SYSTICK_IRQHandler  stm32f4xx_hal_cortex.o
    0x08002264   0x08002264   0x00000002   Code   RO         1312    i.HAL_TIMEx_BreakCallback  stm32f4xx_hal_tim_ex.o
    0x08002266   0x08002266   0x00000002   Code   RO         1313    i.HAL_TIMEx_CommutCallback  stm32f4xx_hal_tim_ex.o
    0x08002268   0x08002268   0x000000b4   Code   RO         1331    i.HAL_TIMEx_MasterConfigSynchronization  stm32f4xx_hal_tim_ex.o
    0x0800231c   0x0800231c   0x00000066   Code   RO          597    i.HAL_TIM_Base_Init  stm32f4xx_hal_tim.o
    0x08002382   0x08002382   0x00000002   PAD
    0x08002384   0x08002384   0x0000009c   Code   RO         6448    i.HAL_TIM_Base_MspInit  bsp_generaltim.o
    0x08002420   0x08002420   0x0000009c   Code   RO          600    i.HAL_TIM_Base_Start  stm32f4xx_hal_tim.o
    0x080024bc   0x080024bc   0x000000a8   Code   RO          602    i.HAL_TIM_Base_Start_IT  stm32f4xx_hal_tim.o
    0x08002564   0x08002564   0x00000108   Code   RO          606    i.HAL_TIM_ConfigClockSource  stm32f4xx_hal_tim.o
    0x0800266c   0x0800266c   0x00000002   Code   RO          631    i.HAL_TIM_IC_CaptureCallback  stm32f4xx_hal_tim.o
    0x0800266e   0x0800266e   0x00000196   Code   RO          645    i.HAL_TIM_IRQHandler  stm32f4xx_hal_tim.o
    0x08002804   0x08002804   0x00000002   Code   RO          648    i.HAL_TIM_OC_DelayElapsedCallback  stm32f4xx_hal_tim.o
    0x08002806   0x08002806   0x00000002   Code   RO          675    i.HAL_TIM_PWM_PulseFinishedCallback  stm32f4xx_hal_tim.o
    0x08002808   0x08002808   0x00000014   Code   RO           15    i.HAL_TIM_PeriodElapsedCallback  main.o
    0x0800281c   0x0800281c   0x0000006c   Code   RO          686    i.HAL_TIM_SlaveConfigSynchro  stm32f4xx_hal_tim.o
    0x08002888   0x08002888   0x00000002   Code   RO          688    i.HAL_TIM_TriggerCallback  stm32f4xx_hal_tim.o
    0x0800288a   0x0800288a   0x00000002   Code   RO         1590    i.HAL_UARTEx_RxEventCallback  stm32f4xx_hal_uart.o
    0x0800288c   0x0800288c   0x00000002   Code   RO         1604    i.HAL_UART_ErrorCallback  stm32f4xx_hal_uart.o
    0x0800288e   0x0800288e   0x00000002   PAD
    0x08002890   0x08002890   0x00000250   Code   RO         1607    i.HAL_UART_IRQHandler  stm32f4xx_hal_uart.o
    0x08002ae0   0x08002ae0   0x00000072   Code   RO         1608    i.HAL_UART_Init     stm32f4xx_hal_uart.o
    0x08002b52   0x08002b52   0x00000002   PAD
    0x08002b54   0x08002b54   0x00000098   Code   RO          414    i.HAL_UART_MspInit  usart.o
    0x08002bec   0x08002bec   0x00000002   Code   RO         1614    i.HAL_UART_RxCpltCallback  stm32f4xx_hal_uart.o
    0x08002bee   0x08002bee   0x000000d2   Code   RO         1616    i.HAL_UART_Transmit  stm32f4xx_hal_uart.o
    0x08002cc0   0x08002cc0   0x00000002   Code   RO         1619    i.HAL_UART_TxCpltCallback  stm32f4xx_hal_uart.o
    0x08002cc2   0x08002cc2   0x00000004   Code   RO          475    i.HardFault_Handler  stm32f4xx_it.o
    0x08002cc6   0x08002cc6   0x00000002   PAD
    0x08002cc8   0x08002cc8   0x0000013c   Code   RO         6563    i.INOVANCE_Nsetup   soem.o
    0x08002e04   0x08002e04   0x00000020   Code   RO         6725    i.LAN8720A_StartAutoNego  lan8720.o
    0x08002e24   0x08002e24   0x0000015c   Code   RO         6726    i.LAN8720_GetLinkState  lan8720.o
    0x08002f80   0x08002f80   0x0000010c   Code   RO         6727    i.LAN8720_Init      lan8720.o
    0x0800308c   0x0800308c   0x000000b4   Code   RO         6640    i.MX_ETH_Init       ethernetif.o
    0x08003140   0x08003140   0x00000110   Code   RO          389    i.MX_GPIO_Init      gpio.o
    0x08003250   0x08003250   0x00000054   Code   RO         6449    i.MX_TIM2_Init      bsp_generaltim.o
    0x080032a4   0x080032a4   0x00000048   Code   RO         6450    i.MX_TIM3_Init      bsp_generaltim.o
    0x080032ec   0x080032ec   0x0000004c   Code   RO         6451    i.MX_TIM4_Init      bsp_generaltim.o
    0x08003338   0x08003338   0x00000038   Code   RO          415    i.MX_USART2_UART_Init  usart.o
    0x08003370   0x08003370   0x00000004   Code   RO          476    i.MemManage_Handler  stm32f4xx_it.o
    0x08003374   0x08003374   0x00000004   Code   RO          477    i.NMI_Handler       stm32f4xx_it.o
    0x08003378   0x08003378   0x00000098   Code   RO         6641    i.PHY_Init          ethernetif.o
    0x08003410   0x08003410   0x00000002   Code   RO          478    i.PendSV_Handler    stm32f4xx_it.o
    0x08003412   0x08003412   0x00000002   Code   RO          479    i.SVC_Handler       stm32f4xx_it.o
    0x08003414   0x08003414   0x0000000c   Code   RO          480    i.SysTick_Handler   stm32f4xx_it.o
    0x08003420   0x08003420   0x000000dc   Code   RO           16    i.SystemClock_Config  main.o
    0x080034fc   0x080034fc   0x00000014   Code   RO         6410    i.SystemInit        system_stm32f4xx.o
    0x08003510   0x08003510   0x00000010   Code   RO          481    i.TIM4_IRQHandler   stm32f4xx_it.o
    0x08003520   0x08003520   0x000000d8   Code   RO          690    i.TIM_Base_SetConfig  stm32f4xx_hal_tim.o
    0x080035f8   0x080035f8   0x00000016   Code   RO          701    i.TIM_ETR_SetConfig  stm32f4xx_hal_tim.o
    0x0800360e   0x0800360e   0x00000012   Code   RO          702    i.TIM_ITRx_SetConfig  stm32f4xx_hal_tim.o
    0x08003620   0x08003620   0x000000aa   Code   RO          707    i.TIM_SlaveTimer_SetConfig  stm32f4xx_hal_tim.o
    0x080036ca   0x080036ca   0x00000026   Code   RO          708    i.TIM_TI1_ConfigInputStage  stm32f4xx_hal_tim.o
    0x080036f0   0x080036f0   0x00000028   Code   RO          710    i.TIM_TI2_ConfigInputStage  stm32f4xx_hal_tim.o
    0x08003718   0x08003718   0x00000014   Code   RO         1621    i.UART_DMAAbortOnError  stm32f4xx_hal_uart.o
    0x0800372c   0x0800372c   0x00000036   Code   RO         1631    i.UART_EndRxTransfer  stm32f4xx_hal_uart.o
    0x08003762   0x08003762   0x00000020   Code   RO         1632    i.UART_EndTransmit_IT  stm32f4xx_hal_uart.o
    0x08003782   0x08003782   0x000000be   Code   RO         1634    i.UART_Receive_IT   stm32f4xx_hal_uart.o
    0x08003840   0x08003840   0x0000022c   Code   RO         1635    i.UART_SetConfig    stm32f4xx_hal_uart.o
    0x08003a6c   0x08003a6c   0x00000060   Code   RO         1638    i.UART_Transmit_IT  stm32f4xx_hal_uart.o
    0x08003acc   0x08003acc   0x0000006c   Code   RO         1639    i.UART_WaitOnFlagUntilTimeout  stm32f4xx_hal_uart.o
    0x08003b38   0x08003b38   0x00000010   Code   RO          482    i.USART2_IRQHandler  stm32f4xx_it.o
    0x08003b48   0x08003b48   0x00000004   Code   RO          483    i.UsageFault_Handler  stm32f4xx_it.o
    0x08003b4c   0x08003b4c   0x00000020   Code   RO         8733    i.__0printf         mc_w.l(printfa.o)
    0x08003b6c   0x08003b6c   0x00000028   Code   RO         8735    i.__0sprintf        mc_w.l(printfa.o)
    0x08003b94   0x08003b94   0x00000010   Code   RO         2748    i.__NVIC_GetPriorityGrouping  stm32f4xx_hal_cortex.o
    0x08003ba4   0x08003ba4   0x00000028   Code   RO         2749    i.__NVIC_SetPriority  stm32f4xx_hal_cortex.o
    0x08003bcc   0x08003bcc   0x0000000e   Code   RO         8803    i.__scatterload_copy  mc_w.l(handlers.o)
    0x08003bda   0x08003bda   0x00000002   Code   RO         8804    i.__scatterload_null  mc_w.l(handlers.o)
    0x08003bdc   0x08003bdc   0x0000000e   Code   RO         8805    i.__scatterload_zeroinit  mc_w.l(handlers.o)
    0x08003bea   0x08003bea   0x00000002   PAD
    0x08003bec   0x08003bec   0x00000184   Code   RO         8740    i._fp_digits        mc_w.l(printfa.o)
    0x08003d70   0x08003d70   0x000006dc   Code   RO         8741    i._printf_core      mc_w.l(printfa.o)
    0x0800444c   0x0800444c   0x00000024   Code   RO         8742    i._printf_post_padding  mc_w.l(printfa.o)
    0x08004470   0x08004470   0x0000002e   Code   RO         8743    i._printf_pre_padding  mc_w.l(printfa.o)
    0x0800449e   0x0800449e   0x0000000a   Code   RO         8745    i._sputc            mc_w.l(printfa.o)
    0x080044a8   0x080044a8   0x000000b4   Code   RO         6642    i.bfin_EMAC_recv    ethernetif.o
    0x0800455c   0x0800455c   0x00000020   Code   RO         6643    i.bfin_EMAC_send    ethernetif.o
    0x0800457c   0x0800457c   0x00000030   Code   RO         6512    i.bsp_GetKey        key.o
    0x080045ac   0x080045ac   0x00000030   Code   RO         6513    i.bsp_PutKey        key.o
    0x080045dc   0x080045dc   0x0000008c   Code   RO         6564    i.ctrl_state        soem.o
    0x08004668   0x08004668   0x00000030   Code   RO         7292    i.ec_SDOwrite       ethercatcoe.o
    0x08004698   0x08004698   0x00000010   Code   RO         7797    i.ec_clearmbx       ethercatmain.o
    0x080046a8   0x080046a8   0x00000014   Code   RO         7473    i.ec_config_init    ethercatconfig.o
    0x080046bc   0x080046bc   0x0000000e   Code   RO         7474    i.ec_config_map     ethercatconfig.o
    0x080046ca   0x080046ca   0x00000002   PAD
    0x080046cc   0x080046cc   0x00000018   Code   RO         7475    i.ec_config_map_group  ethercatconfig.o
    0x080046e4   0x080046e4   0x00000010   Code   RO         7670    i.ec_configdc       ethercatdc.o
    0x080046f4   0x080046f4   0x00000020   Code   RO         7671    i.ec_dcsync0        ethercatdc.o
    0x08004714   0x08004714   0x00000048   Code   RO         7479    i.ec_findconfig     ethercatconfig.o
    0x0800475c   0x0800475c   0x00000014   Code   RO         7806    i.ec_init           ethercatmain.o
    0x08004770   0x08004770   0x0000000c   Code   RO         7812    i.ec_nextmbxcnt     ethercatmain.o
    0x0800477c   0x0800477c   0x0000000e   Code   RO         7822    i.ec_receive_processdata  ethercatmain.o
    0x0800478a   0x0800478a   0x00000002   PAD
    0x0800478c   0x0800478c   0x00000018   Code   RO         7823    i.ec_receive_processdata_group  ethercatmain.o
    0x080047a4   0x080047a4   0x0000000a   Code   RO         7826    i.ec_send_processdata  ethercatmain.o
    0x080047ae   0x080047ae   0x00000002   PAD
    0x080047b0   0x080047b0   0x00000014   Code   RO         7827    i.ec_send_processdata_group  ethercatmain.o
    0x080047c4   0x080047c4   0x00000054   Code   RO         6839    i.ec_setupheader    nicdrv.o
    0x08004818   0x08004818   0x0000001c   Code   RO         7835    i.ec_statecheck     ethercatmain.o
    0x08004834   0x08004834   0x00000014   Code   RO         7839    i.ec_writestate     ethercatmain.o
    0x08004848   0x08004848   0x00000370   Code   RO         6565    i.ecat_init         soem.o
    0x08004bb8   0x08004bb8   0x0000001c   Code   RO         6566    i.ecat_loop         soem.o
    0x08004bd4   0x08004bd4   0x0000007a   Code   RO         7064    i.ecx_APRD          ethercatbase.o
    0x08004c4e   0x08004c4e   0x00000026   Code   RO         7065    i.ecx_APRDw         ethercatbase.o
    0x08004c74   0x08004c74   0x00000056   Code   RO         7066    i.ecx_APWR          ethercatbase.o
    0x08004cca   0x08004cca   0x00000022   Code   RO         7067    i.ecx_APWRw         ethercatbase.o
    0x08004cec   0x08004cec   0x0000007a   Code   RO         7069    i.ecx_BRD           ethercatbase.o
    0x08004d66   0x08004d66   0x00000056   Code   RO         7070    i.ecx_BWR           ethercatbase.o
    0x08004dbc   0x08004dbc   0x0000007a   Code   RO         7071    i.ecx_FPRD          ethercatbase.o
    0x08004e36   0x08004e36   0x00000026   Code   RO         7072    i.ecx_FPRDw         ethercatbase.o
    0x08004e5c   0x08004e5c   0x00000056   Code   RO         7073    i.ecx_FPWR          ethercatbase.o
    0x08004eb2   0x08004eb2   0x00000022   Code   RO         7074    i.ecx_FPWRw         ethercatbase.o
    0x08004ed4   0x08004ed4   0x00000052   Code   RO         7303    i.ecx_SDOerror      ethercatcoe.o
    0x08004f26   0x08004f26   0x00000362   Code   RO         7305    i.ecx_SDOread       ethercatcoe.o
    0x08005288   0x08005288   0x000003fa   Code   RO         7306    i.ecx_SDOwrite      ethercatcoe.o
    0x08005682   0x08005682   0x0000004c   Code   RO         8423    i.ecx_SoEerror      ethercatsoe.o
    0x080056ce   0x080056ce   0x00000226   Code   RO         8424    i.ecx_SoEread       ethercatsoe.o
    0x080058f4   0x080058f4   0x0000008c   Code   RO         7080    i.ecx_adddatagram   ethercatbase.o
    0x08005980   0x08005980   0x00000014   Code   RO         6843    i.ecx_clear_rxbufstat  nicdrv.o
    0x08005994   0x08005994   0x0000000c   Code   RO         7841    i.ecx_clearindex    ethercatmain.o
    0x080059a0   0x080059a0   0x0000055c   Code   RO         7482    i.ecx_config_create_input_mappings  ethercatconfig.o
    0x08005efc   0x08005efc   0x00000514   Code   RO         7483    i.ecx_config_create_output_mappings  ethercatconfig.o
    0x08006410   0x08006410   0x000000ac   Code   RO         7484    i.ecx_config_find_mappings  ethercatconfig.o
    0x080064bc   0x080064bc   0x000001a4   Code   RO         7485    i.ecx_config_from_table  ethercatconfig.o
    0x08006660   0x08006660   0x00000ac4   Code   RO         7486    i.ecx_config_init   ethercatconfig.o
    0x08007124   0x08007124   0x0000040c   Code   RO         7487    i.ecx_config_map_group  ethercatconfig.o
    0x08007530   0x08007530   0x0000064e   Code   RO         7673    i.ecx_configdc      ethercatdc.o
    0x08007b7e   0x08007b7e   0x00000002   PAD
    0x08007b80   0x08007b80   0x00000174   Code   RO         7674    i.ecx_dcsync0       ethercatdc.o
    0x08007cf4   0x08007cf4   0x00000094   Code   RO         7489    i.ecx_detect_slaves  ethercatconfig.o
    0x08007d88   0x08007d88   0x000000a8   Code   RO         7843    i.ecx_eeprom2master  ethercatmain.o
    0x08007e30   0x08007e30   0x0000007a   Code   RO         7844    i.ecx_eeprom2pdi    ethercatmain.o
    0x08007eaa   0x08007eaa   0x0000007a   Code   RO         7846    i.ecx_eeprom_waitnotbusyFP  ethercatmain.o
    0x08007f24   0x08007f24   0x0000001c   Code   RO         7491    i.ecx_get_threadcount  ethercatconfig.o
    0x08007f40   0x08007f40   0x00000056   Code   RO         6845    i.ecx_getindex      nicdrv.o
    0x08007f96   0x08007f96   0x00000128   Code   RO         6846    i.ecx_inframe       nicdrv.o
    0x080080be   0x080080be   0x00000012   Code   RO         7848    i.ecx_init          ethercatmain.o
    0x080080d0   0x080080d0   0x00000054   Code   RO         7492    i.ecx_init_context  ethercatconfig.o
    0x08008124   0x08008124   0x00000178   Code   RO         7493    i.ecx_lookup_mapping  ethercatconfig.o
    0x0800829c   0x0800829c   0x0000031c   Code   RO         7494    i.ecx_lookup_prev_sii  ethercatconfig.o
    0x080085b8   0x080085b8   0x000004f2   Code   RO         7851    i.ecx_main_send_processdata  ethercatmain.o
    0x08008aaa   0x08008aaa   0x00000002   PAD
    0x08008aac   0x08008aac   0x000001e4   Code   RO         7495    i.ecx_map_coe_soe   ethercatconfig.o
    0x08008c90   0x08008c90   0x00000218   Code   RO         7496    i.ecx_map_sii       ethercatconfig.o
    0x08008ea8   0x08008ea8   0x00000344   Code   RO         7497    i.ecx_map_sm        ethercatconfig.o
    0x080091ec   0x080091ec   0x00000062   Code   RO         7852    i.ecx_mbxemergencyerror  ethercatmain.o
    0x0800924e   0x0800924e   0x00000092   Code   RO         7853    i.ecx_mbxempty      ethercatmain.o
    0x080092e0   0x080092e0   0x00000044   Code   RO         7854    i.ecx_mbxerror      ethercatmain.o
    0x08009324   0x08009324   0x00000224   Code   RO         7855    i.ecx_mbxreceive    ethercatmain.o
    0x08009548   0x08009548   0x00000080   Code   RO         7856    i.ecx_mbxsend       ethercatmain.o
    0x080095c8   0x080095c8   0x00000040   Code   RO         6847    i.ecx_outframe      nicdrv.o
    0x08009608   0x08009608   0x0000006c   Code   RO         6848    i.ecx_outframe_red  nicdrv.o
    0x08009674   0x08009674   0x00000052   Code   RO         7857    i.ecx_packeterror   ethercatmain.o
    0x080096c6   0x080096c6   0x00000064   Code   RO         7676    i.ecx_parentport    ethercatdc.o
    0x0800972a   0x0800972a   0x0000006c   Code   RO         7677    i.ecx_porttime      ethercatdc.o
    0x08009796   0x08009796   0x000000a6   Code   RO         7678    i.ecx_prevport      ethercatdc.o
    0x0800983c   0x0800983c   0x00000022   Code   RO         7859    i.ecx_pullindex     ethercatmain.o
    0x0800985e   0x0800985e   0x00000086   Code   RO         7860    i.ecx_pusherror     ethercatmain.o
    0x080098e4   0x080098e4   0x00000038   Code   RO         7861    i.ecx_pushindex     ethercatmain.o
    0x0800991c   0x0800991c   0x00000178   Code   RO         8426    i.ecx_readIDNmap    ethercatsoe.o
    0x08009a94   0x08009a94   0x0000010c   Code   RO         7312    i.ecx_readPDOassign  ethercatcoe.o
    0x08009ba0   0x08009ba0   0x00000104   Code   RO         7313    i.ecx_readPDOassignCA  ethercatcoe.o
    0x08009ca4   0x08009ca4   0x000001ac   Code   RO         7314    i.ecx_readPDOmap    ethercatcoe.o
    0x08009e50   0x08009e50   0x00000188   Code   RO         7315    i.ecx_readPDOmapCA  ethercatcoe.o
    0x08009fd8   0x08009fd8   0x000000a4   Code   RO         7863    i.ecx_readeeprom1   ethercatmain.o
    0x0800a07c   0x0800a07c   0x00000066   Code   RO         7864    i.ecx_readeeprom2   ethercatmain.o
    0x0800a0e2   0x0800a0e2   0x00000144   Code   RO         7866    i.ecx_readeepromFP  ethercatmain.o
    0x0800a226   0x0800a226   0x000001b0   Code   RO         7869    i.ecx_receive_processdata_group  ethercatmain.o
    0x0800a3d6   0x0800a3d6   0x00000036   Code   RO         6849    i.ecx_recvpkt       nicdrv.o
    0x0800a40c   0x0800a40c   0x00000012   Code   RO         7873    i.ecx_send_processdata_group  ethercatmain.o
    0x0800a41e   0x0800a41e   0x0000016c   Code   RO         7501    i.ecx_set_slaves_to_default  ethercatconfig.o
    0x0800a58a   0x0800a58a   0x00000020   Code   RO         6850    i.ecx_setbufstat    nicdrv.o
    0x0800a5aa   0x0800a5aa   0x0000005e   Code   RO         7081    i.ecx_setupdatagram  ethercatbase.o
    0x0800a608   0x0800a608   0x00000136   Code   RO         6851    i.ecx_setupnic      nicdrv.o
    0x0800a73e   0x0800a73e   0x000000c4   Code   RO         7874    i.ecx_siiFMMU       ethercatmain.o
    0x0800a802   0x0800a802   0x000001e6   Code   RO         7875    i.ecx_siiPDO        ethercatmain.o
    0x0800a9e8   0x0800a9e8   0x00000106   Code   RO         7876    i.ecx_siiSM         ethercatmain.o
    0x0800aaee   0x0800aaee   0x000000d6   Code   RO         7877    i.ecx_siiSMnext     ethercatmain.o
    0x0800abc4   0x0800abc4   0x000000bc   Code   RO         7878    i.ecx_siifind       ethercatmain.o
    0x0800ac80   0x0800ac80   0x00000108   Code   RO         7879    i.ecx_siigetbyte    ethercatmain.o
    0x0800ad88   0x0800ad88   0x000000d4   Code   RO         7880    i.ecx_siistring     ethercatmain.o
    0x0800ae5c   0x0800ae5c   0x00000068   Code   RO         6852    i.ecx_srconfirm     nicdrv.o
    0x0800aec4   0x0800aec4   0x000000d6   Code   RO         7881    i.ecx_statecheck    ethercatmain.o
    0x0800af9a   0x0800af9a   0x00000034   Code   RO         6853    i.ecx_waitinframe   nicdrv.o
    0x0800afce   0x0800afce   0x00000002   PAD
    0x0800afd0   0x0800afd0   0x000001b4   Code   RO         6854    i.ecx_waitinframe_red  nicdrv.o
    0x0800b184   0x0800b184   0x0000004c   Code   RO         7082    i.ecx_writedatagramdata  ethercatbase.o
    0x0800b1d0   0x0800b1d0   0x0000006a   Code   RO         7885    i.ecx_writestate    ethercatmain.o
    0x0800b23a   0x0800b23a   0x00000002   PAD
    0x0800b23c   0x0800b23c   0x0000001c   Code   RO          417    i.fputc             usart.o
    0x0800b258   0x0800b258   0x00000008   Code   RO         6514    i.key_fifoinit      key.o
    0x0800b260   0x0800b260   0x0000006c   Code   RO         6645    i.low_level_output  ethernetif.o
    0x0800b2cc   0x0800b2cc   0x000001c4   Code   RO           17    i.main              main.o
    0x0800b490   0x0800b490   0x00000032   Code   RO         6780    i.osal_current_time  osal.o
    0x0800b4c2   0x0800b4c2   0x00000058   Code   RO         6781    i.osal_timer_is_expired  osal.o
    0x0800b51a   0x0800b51a   0x00000002   PAD
    0x0800b51c   0x0800b51c   0x0000006c   Code   RO         6782    i.osal_timer_start  osal.o
    0x0800b588   0x0800b588   0x0000001c   Code   RO         6783    i.osal_usleep       osal.o
    0x0800b5a4   0x0800b5a4   0x0000000c   Code   RO         7003    i.oshw_htons        oshw.o
    0x0800b5b0   0x0800b5b0   0x0000000c   Code   RO         7004    i.oshw_ntohs        oshw.o
    0x0800b5bc   0x0800b5bc   0x00000074   Code   RO           18    i.printState        main.o
    0x0800b630   0x0800b630   0x000000ac   Code   RO         6567    i.write16           soem.o
    0x0800b6dc   0x0800b6dc   0x000000a8   Code   RO         6568    i.write32           soem.o
    0x0800b784   0x0800b784   0x000000ac   Code   RO         6569    i.write8            soem.o
    0x0800b830   0x0800b830   0x00000018   Data   RO         6411    .constdata          system_stm32f4xx.o
    0x0800b848   0x0800b848   0x0000000c   Data   RO         6855    .constdata          nicdrv.o
    0x0800b854   0x0800b854   0x000006c0   Data   RO         7503    .constdata          ethercatconfig.o
    0x0800bf14   0x0800bf14   0x00000087   Data   RO         7504    .conststring        ethercatconfig.o
    0x0800bf9b   0x0800bf9b   0x00000001   PAD
    0x0800bf9c   0x0800bf9c   0x00000030   Data   RO         8801    Region$$Table       anon$$obj.o


    Execution Region RW_IRAM1 (Exec base: 0x20000000, Load base: 0x0800bfcc, Size: 0x000198a4, Max: 0x0001c000, ABSOLUTE)

    Exec Addr    Load Addr    Size         Type   Attr      Idx    E Section Name        Object

    0x20000000   0x0800bfcc   0x0000000c   Data   RW           19    .data               main.o
    0x2000000c   0x0800bfd8   0x00000009   Data   RW         2897    .data               stm32f4xx_hal.o
    0x20000015   0x0800bfe1   0x00000003   PAD
    0x20000018   0x0800bfe4   0x00000004   Data   RW         6412    .data               system_stm32f4xx.o
    0x2000001c   0x0800bfe8   0x00000010   Data   RW         6571    .data               soem.o
    0x2000002c   0x0800bff8   0x00000008   Data   RW         6647    .data               ethernetif.o
    0x20000034   0x0800c000   0x00000004   Data   RW         6728    .data               lan8720.o
    0x20000038   0x0800c004   0x00000068   Data   RW         7887    .data               ethercatmain.o
    0x200000a0   0x0800c06c   0x00000004   Data   RW         8781    .data               mc_w.l(stdout.o)
    0x200000a4        -       0x00000044   Zero   RW          418    .bss                usart.o
    0x200000e8        -       0x000000d8   Zero   RW         6452    .bss                bsp_generaltim.o
    0x200001c0        -       0x0000000c   Zero   RW         6515    .bss                key.o
    0x200001cc        -       0x00001000   Zero   RW         6570    .bss                soem.o
    0x200011cc        -       0x000030e8   Zero   RW         6646    .bss                ethernetif.o
    0x200042b4        -       0x00000010   Zero   RW         7502    .bss                ethercatconfig.o
    0x200042c4        -       0x000155e0   Zero   RW         7886    .bss                ethercatmain.o


    Execution Region RW_IRAM2 (Exec base: 0x2001c000, Load base: 0x0800c070, Size: 0x00002000, Max: 0x00004000, ABSOLUTE)

    Exec Addr    Load Addr    Size         Type   Attr      Idx    E Section Name        Object

    0x2001c000        -       0x00002000   Zero   RW            1    STACK               startup_stm32f407xx.o


==============================================================================

Image component sizes


      Code (inc. data)   RO Data    RW Data    ZI Data      Debug   Object Name

       408         48          0          0        216       4351   bsp_generaltim.o
      1078          0          0          0          0      11746   ethercatbase.o
      3362         26          0          0          0      10580   ethercatcoe.o
     10838        822       1863          0         16      19760   ethercatconfig.o
      2408         28          0          0          0       6868   ethercatdc.o
      6348         30          0        104      87520      38768   ethercatmain.o
      1002          6          0          0          0       4254   ethercatsoe.o
      1024        116          0          8      12520       5593   ethernetif.o
       272         16          0          0          0       1171   gpio.o
       216         14          0          0         12       3627   key.o
       716        210          0          4          0       4257   lan8720.o
       826        266          0         12          0     745374   main.o
      1646         24         12          0          0      11197   nicdrv.o
       274          6          0          0          0       4005   osal.o
        24          0          0          0          0       1138   oshw.o
      1876        816          0         16       4096       5771   soem.o
        36          8        392          0       8192        840   startup_stm32f407xx.o
       212         36          0          9          0       9537   stm32f4xx_hal.o
       352         22          0          0          0      35650   stm32f4xx_hal_cortex.o
       210          0          0          0          0       2087   stm32f4xx_hal_dma.o
      2984         58          0          0          0      14343   stm32f4xx_hal_eth.o
       572         50          0          0          0       3554   stm32f4xx_hal_gpio.o
        72          4          0          0          0        982   stm32f4xx_hal_msp.o
      1832         88          0          0          0       6296   stm32f4xx_hal_rcc.o
      1716        114          0          0          0      12249   stm32f4xx_hal_tim.o
       184         30          0          0          0       2625   stm32f4xx_hal_tim_ex.o
      1980         16          0          0          0      10932   stm32f4xx_hal_uart.o
       110         12          0          0          0       6252   stm32f4xx_it.o
        20          6         24          4          0       1263   system_stm32f4xx.o
       236         30          0          0         68       3618   usart.o

    ----------------------------------------------------------------------
     42868       2902       2340        160     112640     988688   Object Totals
         0          0         48          0          0          0   (incl. Generated)
        34          0          1          3          0          0   (incl. Padding)

    ----------------------------------------------------------------------

      Code (inc. data)   RO Data    RW Data    ZI Data      Debug   Library Member Name

         0          0          0          0          0          0   entry.o
         0          0          0          0          0          0   entry10a.o
         0          0          0          0          0          0   entry11a.o
         8          4          0          0          0          0   entry2.o
         4          0          0          0          0          0   entry5.o
         0          0          0          0          0          0   entry7b.o
         0          0          0          0          0          0   entry8b.o
         8          4          0          0          0          0   entry9a.o
        30          0          0          0          0          0   handlers.o
        36          8          0          0          0         68   init.o
         0          0          0          0          0          0   iusefp.o
        98          0          0          0          0         84   ldiv.o
        30          0          0          0          0         68   llshl.o
        36          0          0          0          0         68   llsshr.o
        32          0          0          0          0         68   llushr.o
        36          0          0          0          0         68   memcpya.o
        36          0          0          0          0        108   memseta.o
      2308         96          0          0          0        604   printfa.o
         0          0          0          4          0          0   stdout.o
        18          0          0          0          0         68   strcpy.o
        44          0          0          0          0         80   uidiv.o
        98          0          0          0          0         92   uldiv.o
        48          0          0          0          0         68   cdrcmple.o
       334          0          0          0          0        148   dadd.o
       222          0          0          0          0        100   ddiv.o
       186          0          0          0          0        176   depilogue.o
        48          0          0          0          0         68   dfixul.o
       228          0          0          0          0         96   dmul.o

    ----------------------------------------------------------------------
      3892        112          0          4          0       2032   Library Totals
         4          0          0          0          0          0   (incl. Padding)

    ----------------------------------------------------------------------

      Code (inc. data)   RO Data    RW Data    ZI Data      Debug   Library Name

      2822        112          0          4          0       1376   mc_w.l
      1066          0          0          0          0        656   mf_w.l

    ----------------------------------------------------------------------
      3892        112          0          4          0       2032   Library Totals

    ----------------------------------------------------------------------

==============================================================================


      Code (inc. data)   RO Data    RW Data    ZI Data      Debug   

     46760       3014       2340        164     112640     967032   Grand Totals
     46760       3014       2340        164     112640     967032   ELF Image Totals
     46760       3014       2340        164          0          0   ROM Totals

==============================================================================

    Total RO  Size (Code + RO Data)                49100 (  47.95kB)
    Total RW  Size (RW Data + ZI Data)            112804 ( 110.16kB)
    Total ROM Size (Code + RO Data + RW Data)      49264 (  48.11kB)

==============================================================================

